Archive member included to satisfy reference by file (symbol)

c:/st/stm32cubeide_1.9.0/stm32cubeide/plugins/com.st.stm32cube.ide.mcu.externaltools.gnu-tools-for-stm32.10.3-2021.10.win32_1.0.200.202301161003/tools/bin/../lib/gcc/arm-none-eabi/10.3.1/../../../../arm-none-eabi/lib/thumb/v7e-m+dp/hard\libc_nano.a(lib_a-errno.o)
                              ./Core/Src/syscalls.o (__errno)
c:/st/stm32cubeide_1.9.0/stm32cubeide/plugins/com.st.stm32cube.ide.mcu.externaltools.gnu-tools-for-stm32.10.3-2021.10.win32_1.0.200.202301161003/tools/bin/../lib/gcc/arm-none-eabi/10.3.1/../../../../arm-none-eabi/lib/thumb/v7e-m+dp/hard\libc_nano.a(lib_a-exit.o)
                              c:/st/stm32cubeide_1.9.0/stm32cubeide/plugins/com.st.stm32cube.ide.mcu.externaltools.gnu-tools-for-stm32.10.3-2021.10.win32_1.0.200.202301161003/tools/bin/../lib/gcc/arm-none-eabi/10.3.1/../../../../arm-none-eabi/lib/thumb/v7e-m+dp/hard/crt0.o (exit)
c:/st/stm32cubeide_1.9.0/stm32cubeide/plugins/com.st.stm32cube.ide.mcu.externaltools.gnu-tools-for-stm32.10.3-2021.10.win32_1.0.200.202301161003/tools/bin/../lib/gcc/arm-none-eabi/10.3.1/../../../../arm-none-eabi/lib/thumb/v7e-m+dp/hard\libc_nano.a(lib_a-impure.o)
                              c:/st/stm32cubeide_1.9.0/stm32cubeide/plugins/com.st.stm32cube.ide.mcu.externaltools.gnu-tools-for-stm32.10.3-2021.10.win32_1.0.200.202301161003/tools/bin/../lib/gcc/arm-none-eabi/10.3.1/../../../../arm-none-eabi/lib/thumb/v7e-m+dp/hard\libc_nano.a(lib_a-exit.o) (_global_impure_ptr)
c:/st/stm32cubeide_1.9.0/stm32cubeide/plugins/com.st.stm32cube.ide.mcu.externaltools.gnu-tools-for-stm32.10.3-2021.10.win32_1.0.200.202301161003/tools/bin/../lib/gcc/arm-none-eabi/10.3.1/../../../../arm-none-eabi/lib/thumb/v7e-m+dp/hard\libc_nano.a(lib_a-init.o)
                              c:/st/stm32cubeide_1.9.0/stm32cubeide/plugins/com.st.stm32cube.ide.mcu.externaltools.gnu-tools-for-stm32.10.3-2021.10.win32_1.0.200.202301161003/tools/bin/../lib/gcc/arm-none-eabi/10.3.1/../../../../arm-none-eabi/lib/thumb/v7e-m+dp/hard/crt0.o (__libc_init_array)
c:/st/stm32cubeide_1.9.0/stm32cubeide/plugins/com.st.stm32cube.ide.mcu.externaltools.gnu-tools-for-stm32.10.3-2021.10.win32_1.0.200.202301161003/tools/bin/../lib/gcc/arm-none-eabi/10.3.1/../../../../arm-none-eabi/lib/thumb/v7e-m+dp/hard\libc_nano.a(lib_a-memset.o)
                              c:/st/stm32cubeide_1.9.0/stm32cubeide/plugins/com.st.stm32cube.ide.mcu.externaltools.gnu-tools-for-stm32.10.3-2021.10.win32_1.0.200.202301161003/tools/bin/../lib/gcc/arm-none-eabi/10.3.1/../../../../arm-none-eabi/lib/thumb/v7e-m+dp/hard/crt0.o (memset)
c:/st/stm32cubeide_1.9.0/stm32cubeide/plugins/com.st.stm32cube.ide.mcu.externaltools.gnu-tools-for-stm32.10.3-2021.10.win32_1.0.200.202301161003/tools/bin/../lib/gcc/arm-none-eabi/10.3.1/thumb/v7e-m+dp/hard\libgcc.a(_aeabi_uldivmod.o)
                              ./Drivers/STM32F7xx_HAL_Driver/Src/stm32f7xx_hal_rcc.o (__aeabi_uldivmod)
c:/st/stm32cubeide_1.9.0/stm32cubeide/plugins/com.st.stm32cube.ide.mcu.externaltools.gnu-tools-for-stm32.10.3-2021.10.win32_1.0.200.202301161003/tools/bin/../lib/gcc/arm-none-eabi/10.3.1/thumb/v7e-m+dp/hard\libgcc.a(_udivmoddi4.o)
                              c:/st/stm32cubeide_1.9.0/stm32cubeide/plugins/com.st.stm32cube.ide.mcu.externaltools.gnu-tools-for-stm32.10.3-2021.10.win32_1.0.200.202301161003/tools/bin/../lib/gcc/arm-none-eabi/10.3.1/thumb/v7e-m+dp/hard\libgcc.a(_aeabi_uldivmod.o) (__udivmoddi4)
c:/st/stm32cubeide_1.9.0/stm32cubeide/plugins/com.st.stm32cube.ide.mcu.externaltools.gnu-tools-for-stm32.10.3-2021.10.win32_1.0.200.202301161003/tools/bin/../lib/gcc/arm-none-eabi/10.3.1/thumb/v7e-m+dp/hard\libgcc.a(_dvmd_tls.o)
                              c:/st/stm32cubeide_1.9.0/stm32cubeide/plugins/com.st.stm32cube.ide.mcu.externaltools.gnu-tools-for-stm32.10.3-2021.10.win32_1.0.200.202301161003/tools/bin/../lib/gcc/arm-none-eabi/10.3.1/thumb/v7e-m+dp/hard\libgcc.a(_aeabi_uldivmod.o) (__aeabi_ldiv0)

Discarded input sections

 .text          0x0000000000000000        0x0 c:/st/stm32cubeide_1.9.0/stm32cubeide/plugins/com.st.stm32cube.ide.mcu.externaltools.gnu-tools-for-stm32.10.3-2021.10.win32_1.0.200.202301161003/tools/bin/../lib/gcc/arm-none-eabi/10.3.1/thumb/v7e-m+dp/hard/crti.o
 .data          0x0000000000000000        0x0 c:/st/stm32cubeide_1.9.0/stm32cubeide/plugins/com.st.stm32cube.ide.mcu.externaltools.gnu-tools-for-stm32.10.3-2021.10.win32_1.0.200.202301161003/tools/bin/../lib/gcc/arm-none-eabi/10.3.1/thumb/v7e-m+dp/hard/crti.o
 .bss           0x0000000000000000        0x0 c:/st/stm32cubeide_1.9.0/stm32cubeide/plugins/com.st.stm32cube.ide.mcu.externaltools.gnu-tools-for-stm32.10.3-2021.10.win32_1.0.200.202301161003/tools/bin/../lib/gcc/arm-none-eabi/10.3.1/thumb/v7e-m+dp/hard/crti.o
[...]
Memory Configuration

Name             Origin             Length             Attributes
RAM              0x0000000020000000 0x0000000000080000 xrw
FLASH            0x0000000008000000 0x0000000000200000 xr
*default*        0x0000000000000000 0xffffffffffffffff

Linker script and memory map

LOAD c:/st/stm32cubeide_1.9.0/stm32cubeide/plugins/com.st.stm32cube.ide.mcu.externaltools.gnu-tools-for-stm32.10.3-2021.10.win32_1.0.200.202301161003/tools/bin/../lib/gcc/arm-none-eabi/10.3.1/thumb/v7e-m+dp/hard/crti.o
LOAD c:/st/stm32cubeide_1.9.0/stm32cubeide/plugins/com.st.stm32cube.ide.mcu.externaltools.gnu-tools-for-stm32.10.3-2021.10.win32_1.0.200.202301161003/tools/bin/../lib/gcc/arm-none-eabi/10.3.1/thumb/v7e-m+dp/hard/crtbegin.o
LOAD c:/st/stm32cubeide_1.9.0/stm32cubeide/plugins/com.st.stm32cube.ide.mcu.externaltools.gnu-tools-for-stm32.10.3-2021.10.win32_1.0.200.202301161003/tools/bin/../lib/gcc/arm-none-eabi/10.3.1/../../../../arm-none-eabi/lib/thumb/v7e-m+dp/hard/crt0.o
LOAD ./Core/Src/dcmi.o
LOAD ./Core/Src/dma.o
LOAD ./Core/Src/eth.o
LOAD ./Core/Src/gpio.o
LOAD ./Core/Src/i2c.o
LOAD ./Core/Src/main.o
LOAD ./Core/Src/stm32f7xx_hal_msp.o
LOAD ./Core/Src/stm32f7xx_it.o
LOAD ./Core/Src/syscalls.o
LOAD ./Core/Src/sysmem.o
LOAD ./Core/Src/system_stm32f7xx.o
LOAD ./Core/Src/tim.o
LOAD ./Core/Src/usart.o
LOAD ./Core/Src/usb_otg.o
LOAD ./Core/Src/ov7670/ov7670.o
LOAD ./Core/Startup/startup_stm32f767zitx.o
LOAD ./Drivers/STM32F7xx_HAL_Driver/Src/stm32f7xx_hal.o
LOAD ./Drivers/STM32F7xx_HAL_Driver/Src/stm32f7xx_hal_cortex.o
LOAD ./Drivers/STM32F7xx_HAL_Driver/Src/stm32f7xx_hal_dcmi.o
LOAD ./Drivers/STM32F7xx_HAL_Driver/Src/stm32f7xx_hal_dcmi_ex.o
LOAD ./Drivers/STM32F7xx_HAL_Driver/Src/stm32f7xx_hal_dma.o
LOAD ./Drivers/STM32F7xx_HAL_Driver/Src/stm32f7xx_hal_dma_ex.o
LOAD ./Drivers/STM32F7xx_HAL_Driver/Src/stm32f7xx_hal_eth.o
LOAD ./Drivers/STM32F7xx_HAL_Driver/Src/stm32f7xx_hal_exti.o
LOAD ./Drivers/STM32F7xx_HAL_Driver/Src/stm32f7xx_hal_flash.o
LOAD ./Drivers/STM32F7xx_HAL_Driver/Src/stm32f7xx_hal_flash_ex.o
LOAD ./Drivers/STM32F7xx_HAL_Driver/Src/stm32f7xx_hal_gpio.o
LOAD ./Drivers/STM32F7xx_HAL_Driver/Src/stm32f7xx_hal_i2c.o
LOAD ./Drivers/STM32F7xx_HAL_Driver/Src/stm32f7xx_hal_i2c_ex.o
LOAD ./Drivers/STM32F7xx_HAL_Driver/Src/stm32f7xx_hal_pcd.o
LOAD ./Drivers/STM32F7xx_HAL_Driver/Src/stm32f7xx_hal_pcd_ex.o
LOAD ./Drivers/STM32F7xx_HAL_Driver/Src/stm32f7xx_hal_pwr.o
LOAD ./Drivers/STM32F7xx_HAL_Driver/Src/stm32f7xx_hal_pwr_ex.o
LOAD ./Drivers/STM32F7xx_HAL_Driver/Src/stm32f7xx_hal_rcc.o
LOAD ./Drivers/STM32F7xx_HAL_Driver/Src/stm32f7xx_hal_rcc_ex.o
LOAD ./Drivers/STM32F7xx_HAL_Driver/Src/stm32f7xx_hal_tim.o
LOAD ./Drivers/STM32F7xx_HAL_Driver/Src/stm32f7xx_hal_tim_ex.o
LOAD ./Drivers/STM32F7xx_HAL_Driver/Src/stm32f7xx_hal_uart.o
LOAD ./Drivers/STM32F7xx_HAL_Driver/Src/stm32f7xx_hal_uart_ex.o
LOAD ./Drivers/STM32F7xx_HAL_Driver/Src/stm32f7xx_ll_usb.o
START GROUP
LOAD c:/st/stm32cubeide_1.9.0/stm32cubeide/plugins/com.st.stm32cube.ide.mcu.externaltools.gnu-tools-for-stm32.10.3-2021.10.win32_1.0.200.202301161003/tools/bin/../lib/gcc/arm-none-eabi/10.3.1/../../../../arm-none-eabi/lib/thumb/v7e-m+dp/hard\libc_nano.a
LOAD c:/st/stm32cubeide_1.9.0/stm32cubeide/plugins/com.st.stm32cube.ide.mcu.externaltools.gnu-tools-for-stm32.10.3-2021.10.win32_1.0.200.202301161003/tools/bin/../lib/gcc/arm-none-eabi/10.3.1/../../../../arm-none-eabi/lib/thumb/v7e-m+dp/hard\libm.a
END GROUP
START GROUP
LOAD c:/st/stm32cubeide_1.9.0/stm32cubeide/plugins/com.st.stm32cube.ide.mcu.externaltools.gnu-tools-for-stm32.10.3-2021.10.win32_1.0.200.202301161003/tools/bin/../lib/gcc/arm-none-eabi/10.3.1/thumb/v7e-m+dp/hard\libgcc.a
LOAD c:/st/stm32cubeide_1.9.0/stm32cubeide/plugins/com.st.stm32cube.ide.mcu.externaltools.gnu-tools-for-stm32.10.3-2021.10.win32_1.0.200.202301161003/tools/bin/../lib/gcc/arm-none-eabi/10.3.1/../../../../arm-none-eabi/lib/thumb/v7e-m+dp/hard\libc_nano.a
END GROUP
START GROUP
LOAD c:/st/stm32cubeide_1.9.0/stm32cubeide/plugins/com.st.stm32cube.ide.mcu.externaltools.gnu-tools-for-stm32.10.3-2021.10.win32_1.0.200.202301161003/tools/bin/../lib/gcc/arm-none-eabi/10.3.1/thumb/v7e-m+dp/hard\libgcc.a
LOAD c:/st/stm32cubeide_1.9.0/stm32cubeide/plugins/com.st.stm32cube.ide.mcu.externaltools.gnu-tools-for-stm32.10.3-2021.10.win32_1.0.200.202301161003/tools/bin/../lib/gcc/arm-none-eabi/10.3.1/../../../../arm-none-eabi/lib/thumb/v7e-m+dp/hard\libc_nano.a
LOAD c:/st/stm32cubeide_1.9.0/stm32cubeide/plugins/com.st.stm32cube.ide.mcu.externaltools.gnu-tools-for-stm32.10.3-2021.10.win32_1.0.200.202301161003/tools/bin/../lib/gcc/arm-none-eabi/10.3.1/../../../../arm-none-eabi/lib/thumb/v7e-m+dp/hard\libnosys.a
END GROUP
START GROUP
LOAD c:/st/stm32cubeide_1.9.0/stm32cubeide/plugins/com.st.stm32cube.ide.mcu.externaltools.gnu-tools-for-stm32.10.3-2021.10.win32_1.0.200.202301161003/tools/bin/../lib/gcc/arm-none-eabi/10.3.1/thumb/v7e-m+dp/hard\libgcc.a
LOAD c:/st/stm32cubeide_1.9.0/stm32cubeide/plugins/com.st.stm32cube.ide.mcu.externaltools.gnu-tools-for-stm32.10.3-2021.10.win32_1.0.200.202301161003/tools/bin/../lib/gcc/arm-none-eabi/10.3.1/../../../../arm-none-eabi/lib/thumb/v7e-m+dp/hard\libc_nano.a
LOAD c:/st/stm32cubeide_1.9.0/stm32cubeide/plugins/com.st.stm32cube.ide.mcu.externaltools.gnu-tools-for-stm32.10.3-2021.10.win32_1.0.200.202301161003/tools/bin/../lib/gcc/arm-none-eabi/10.3.1/../../../../arm-none-eabi/lib/thumb/v7e-m+dp/hard\libnosys.a
END GROUP
LOAD c:/st/stm32cubeide_1.9.0/stm32cubeide/plugins/com.st.stm32cube.ide.mcu.externaltools.gnu-tools-for-stm32.10.3-2021.10.win32_1.0.200.202301161003/tools/bin/../lib/gcc/arm-none-eabi/10.3.1/thumb/v7e-m+dp/hard/crtend.o
LOAD c:/st/stm32cubeide_1.9.0/stm32cubeide/plugins/com.st.stm32cube.ide.mcu.externaltools.gnu-tools-for-stm32.10.3-2021.10.win32_1.0.200.202301161003/tools/bin/../lib/gcc/arm-none-eabi/10.3.1/thumb/v7e-m+dp/hard/crtn.o
                0x0000000020080000                _estack = (ORIGIN (RAM) + LENGTH (RAM))
                0x0000000000000200                _Min_Heap_Size = 0x200
                0x0000000000000400                _Min_Stack_Size = 0x400

.isr_vector     0x0000000008000000      0x1f8
                0x0000000008000000                . = ALIGN (0x4)
 *(.isr_vector)
 .isr_vector    0x0000000008000000      0x1f8 ./Core/Startup/startup_stm32f767zitx.o
                0x0000000008000000                g_pfnVectors
                0x00000000080001f8                . = ALIGN (0x4)

.text           0x00000000080001f8     0x7ff4
                0x00000000080001f8                . = ALIGN (0x4)
 *(.text)
 .text          0x00000000080001f8       0x40 c:/st/stm32cubeide_1.9.0/stm32cubeide/plugins/com.st.stm32cube.ide.mcu.externaltools.gnu-tools-for-stm32.10.3-2021.10.win32_1.0.200.202301161003/tools/bin/../lib/gcc/arm-none-eabi/10.3.1/thumb/v7e-m+dp/hard/crtbegin.o
 .text          0x0000000008000238       0x30 c:/st/stm32cubeide_1.9.0/stm32cubeide/plugins/com.st.stm32cube.ide.mcu.externaltools.gnu-tools-for-stm32.10.3-2021.10.win32_1.0.200.202301161003/tools/bin/../lib/gcc/arm-none-eabi/10.3.1/thumb/v7e-m+dp/hard\libgcc.a(_aeabi_uldivmod.o)
                0x0000000008000238                __aeabi_uldivmod
 .text          0x0000000008000268      0x2d0 c:/st/stm32cubeide_1.9.0/stm32cubeide/plugins/com.st.stm32cube.ide.mcu.externaltools.gnu-tools-for-stm32.10.3-2021.10.win32_1.0.200.202301161003/tools/bin/../lib/gcc/arm-none-eabi/10.3.1/thumb/v7e-m+dp/hard\libgcc.a(_udivmoddi4.o)
                0x0000000008000268                __udivmoddi4
 .text          0x0000000008000538        0x4 c:/st/stm32cubeide_1.9.0/stm32cubeide/plugins/com.st.stm32cube.ide.mcu.externaltools.gnu-tools-for-stm32.10.3-2021.10.win32_1.0.200.202301161003/tools/bin/../lib/gcc/arm-none-eabi/10.3.1/thumb/v7e-m+dp/hard\libgcc.a(_dvmd_tls.o)
                0x0000000008000538                __aeabi_idiv0
                0x0000000008000538                __aeabi_ldiv0
 *(.text*)
 .text.MX_DCMI_Init
                0x000000000800053c       0x68 ./Core/Src/dcmi.o
                0x000000000800053c                MX_DCMI_Init
 .text.HAL_DCMI_MspInit
                0x00000000080005a4      0x1f8 ./Core/Src/dcmi.o
                0x00000000080005a4                HAL_DCMI_MspInit
 .text.MX_DMA_Init
                0x000000000800079c       0x3c ./Core/Src/dma.o
                0x000000000800079c                MX_DMA_Init
 .text.MX_ETH_Init
                0x00000000080007d8       0x9c ./Core/Src/eth.o
                0x00000000080007d8                MX_ETH_Init
 .text.HAL_ETH_MspInit
                0x0000000008000874      0x170 ./Core/Src/eth.o
                0x0000000008000874                HAL_ETH_MspInit
 .text.MX_GPIO_Init
                0x00000000080009e4      0x190 ./Core/Src/gpio.o
                0x00000000080009e4                MX_GPIO_Init
 .text.MX_I2C2_Init
                0x0000000008000b74       0x80 ./Core/Src/i2c.o
                0x0000000008000b74                MX_I2C2_Init
 .text.HAL_I2C_MspInit
                0x0000000008000bf4       0xbc ./Core/Src/i2c.o
                0x0000000008000bf4                HAL_I2C_MspInit
 .text.main     0x0000000008000cb0       0xc8 ./Core/Src/main.o
                0x0000000008000cb0                main
 .text.SystemClock_Config
                0x0000000008000d78       0xe0 ./Core/Src/main.o
                0x0000000008000d78                SystemClock_Config
 .text.Error_Handler
                0x0000000008000e58        0xa ./Core/Src/main.o
                0x0000000008000e58                Error_Handler
 *fill*         0x0000000008000e62        0x2 
 .text.HAL_MspInit
                0x0000000008000e64       0x48 ./Core/Src/stm32f7xx_hal_msp.o
                0x0000000008000e64                HAL_MspInit
 .text.NMI_Handler
                0x0000000008000eac        0x6 ./Core/Src/stm32f7xx_it.o
                0x0000000008000eac                NMI_Handler
 .text.HardFault_Handler
                0x0000000008000eb2        0x6 ./Core/Src/stm32f7xx_it.o
                0x0000000008000eb2                HardFault_Handler
 .text.MemManage_Handler
                0x0000000008000eb8        0x6 ./Core/Src/stm32f7xx_it.o
                0x0000000008000eb8                MemManage_Handler
 .text.BusFault_Handler
                0x0000000008000ebe        0x6 ./Core/Src/stm32f7xx_it.o
                0x0000000008000ebe                BusFault_Handler
 .text.UsageFault_Handler
                0x0000000008000ec4        0x6 ./Core/Src/stm32f7xx_it.o
                0x0000000008000ec4                UsageFault_Handler
 .text.SVC_Handler
                0x0000000008000eca        0xe ./Core/Src/stm32f7xx_it.o
                0x0000000008000eca                SVC_Handler
 .text.DebugMon_Handler
                0x0000000008000ed8        0xe ./Core/Src/stm32f7xx_it.o
                0x0000000008000ed8                DebugMon_Handler
 .text.PendSV_Handler
                0x0000000008000ee6        0xe ./Core/Src/stm32f7xx_it.o
                0x0000000008000ee6                PendSV_Handler
 .text.SysTick_Handler
                0x0000000008000ef4        0xc ./Core/Src/stm32f7xx_it.o
                0x0000000008000ef4                SysTick_Handler
 .text.DMA2_Stream1_IRQHandler
                0x0000000008000f00       0x14 ./Core/Src/stm32f7xx_it.o
                0x0000000008000f00                DMA2_Stream1_IRQHandler
 .text.DCMI_IRQHandler
                0x0000000008000f14       0x14 ./Core/Src/stm32f7xx_it.o
                0x0000000008000f14                DCMI_IRQHandler
 .text.SystemInit
                0x0000000008000f28       0x24 ./Core/Src/system_stm32f7xx.o
                0x0000000008000f28                SystemInit
 .text.MX_TIM10_Init
                0x0000000008000f4c       0x98 ./Core/Src/tim.o
                0x0000000008000f4c                MX_TIM10_Init
 .text.HAL_TIM_Base_MspInit
                0x0000000008000fe4       0x40 ./Core/Src/tim.o
                0x0000000008000fe4                HAL_TIM_Base_MspInit
 .text.HAL_TIM_MspPostInit
                0x0000000008001024       0x70 ./Core/Src/tim.o
                0x0000000008001024                HAL_TIM_MspPostInit
 .text.MX_USART3_UART_Init
                0x0000000008001094       0x60 ./Core/Src/usart.o
                0x0000000008001094                MX_USART3_UART_Init
 .text.HAL_UART_MspInit
                0x00000000080010f4       0xc0 ./Core/Src/usart.o
                0x00000000080010f4                HAL_UART_MspInit
 .text.MX_USB_OTG_FS_PCD_Init
                0x00000000080011b4       0x5c ./Core/Src/usb_otg.o
                0x00000000080011b4                MX_USB_OTG_FS_PCD_Init
 .text.HAL_PCD_MspInit
                0x0000000008001210       0xf4 ./Core/Src/usb_otg.o
                0x0000000008001210                HAL_PCD_MspInit
 .text.ov7670_init
                0x0000000008001304       0x90 ./Core/Src/ov7670/ov7670.o
                0x0000000008001304                ov7670_init
 .text.ov7670_config
                0x0000000008001394       0xb4 ./Core/Src/ov7670/ov7670.o
                0x0000000008001394                ov7670_config
 .text.ov7670_startCap
                0x0000000008001448       0x5c ./Core/Src/ov7670/ov7670.o
                0x0000000008001448                ov7670_startCap
 .text.ov7670_stopCap
                0x00000000080014a4       0x18 ./Core/Src/ov7670/ov7670.o
                0x00000000080014a4                ov7670_stopCap
 .text.HAL_DCMI_FrameEventCallback
                0x00000000080014bc       0x74 ./Core/Src/ov7670/ov7670.o
                0x00000000080014bc                HAL_DCMI_FrameEventCallback
 .text.HAL_DCMI_VsyncEventCallback
                0x0000000008001530       0x24 ./Core/Src/ov7670/ov7670.o
                0x0000000008001530                HAL_DCMI_VsyncEventCallback
 .text.HAL_DCMI_LineEventCallback
                0x0000000008001554       0x44 ./Core/Src/ov7670/ov7670.o
                0x0000000008001554                HAL_DCMI_LineEventCallback
 .text.ov7670_write
                0x0000000008001598       0x40 ./Core/Src/ov7670/ov7670.o
 .text.ov7670_read
                0x00000000080015d8       0x4c ./Core/Src/ov7670/ov7670.o
 .text.Reset_Handler
                0x0000000008001624       0x50 ./Core/Startup/startup_stm32f767zitx.o
                0x0000000008001624                Reset_Handler
 .text.Default_Handler
                0x0000000008001674        0x2 ./Core/Startup/startup_stm32f767zitx.o
                0x0000000008001674                RTC_Alarm_IRQHandler
                0x0000000008001674                EXTI2_IRQHandler
                0x0000000008001674                TIM8_CC_IRQHandler
                0x0000000008001674                UART8_IRQHandler
                0x0000000008001674                SPI4_IRQHandler
                0x0000000008001674                TIM1_CC_IRQHandler
                0x0000000008001674                DMA2_Stream5_IRQHandler
                0x0000000008001674                JPEG_IRQHandler
                0x0000000008001674                DMA1_Stream5_IRQHandler
                0x0000000008001674                CAN3_RX1_IRQHandler
                0x0000000008001674                PVD_IRQHandler
                0x0000000008001674                TAMP_STAMP_IRQHandler
                0x0000000008001674                CAN2_RX1_IRQHandler
                0x0000000008001674                EXTI3_IRQHandler
                0x0000000008001674                TIM8_TRG_COM_TIM14_IRQHandler
                0x0000000008001674                DFSDM1_FLT1_IRQHandler
                0x0000000008001674                TIM1_UP_TIM10_IRQHandler
                0x0000000008001674                TIM8_UP_TIM13_IRQHandler
                0x0000000008001674                I2C3_ER_IRQHandler
                0x0000000008001674                DFSDM1_FLT2_IRQHandler
                0x0000000008001674                EXTI0_IRQHandler
                0x0000000008001674                I2C2_EV_IRQHandler
                0x0000000008001674                DMA1_Stream2_IRQHandler
                0x0000000008001674                CAN1_RX0_IRQHandler
                0x0000000008001674                FPU_IRQHandler
                0x0000000008001674                OTG_HS_WKUP_IRQHandler
                0x0000000008001674                CAN3_SCE_IRQHandler
                0x0000000008001674                LTDC_ER_IRQHandler
                0x0000000008001674                CAN2_SCE_IRQHandler
                0x0000000008001674                DMA2_Stream2_IRQHandler
                0x0000000008001674                SPI1_IRQHandler
                0x0000000008001674                TIM6_DAC_IRQHandler
                0x0000000008001674                TIM1_BRK_TIM9_IRQHandler
                0x0000000008001674                CAN2_RX0_IRQHandler
                0x0000000008001674                DMA2_Stream3_IRQHandler
                0x0000000008001674                SAI2_IRQHandler
                0x0000000008001674                DFSDM1_FLT3_IRQHandler
                0x0000000008001674                USART6_IRQHandler
                0x0000000008001674                CAN3_RX0_IRQHandler
                0x0000000008001674                USART3_IRQHandler
                0x0000000008001674                CAN1_RX1_IRQHandler
                0x0000000008001674                UART5_IRQHandler
                0x0000000008001674                DMA2_Stream0_IRQHandler
                0x0000000008001674                TIM4_IRQHandler
                0x0000000008001674                QUADSPI_IRQHandler
                0x0000000008001674                I2C1_EV_IRQHandler
                0x0000000008001674                DMA1_Stream6_IRQHandler
                0x0000000008001674                DMA1_Stream1_IRQHandler
                0x0000000008001674                UART4_IRQHandler
                0x0000000008001674                TIM3_IRQHandler
                0x0000000008001674                RCC_IRQHandler
                0x0000000008001674                TIM8_BRK_TIM12_IRQHandler
                0x0000000008001674                Default_Handler
                0x0000000008001674                CEC_IRQHandler
                0x0000000008001674                EXTI15_10_IRQHandler
                0x0000000008001674                ADC_IRQHandler
                0x0000000008001674                DMA1_Stream7_IRQHandler
                0x0000000008001674                SPI5_IRQHandler
                0x0000000008001674                TIM7_IRQHandler
                0x0000000008001674                SDMMC1_IRQHandler
                0x0000000008001674                CAN2_TX_IRQHandler
                0x0000000008001674                TIM5_IRQHandler
                0x0000000008001674                DMA2_Stream7_IRQHandler
                0x0000000008001674                I2C3_EV_IRQHandler
                0x0000000008001674                EXTI9_5_IRQHandler
                0x0000000008001674                RTC_WKUP_IRQHandler
                0x0000000008001674                LTDC_IRQHandler
                0x0000000008001674                ETH_WKUP_IRQHandler
                0x0000000008001674                SPDIF_RX_IRQHandler
                0x0000000008001674                SPI2_IRQHandler
                0x0000000008001674                OTG_HS_EP1_IN_IRQHandler
                0x0000000008001674                DMA1_Stream0_IRQHandler
                0x0000000008001674                CAN1_TX_IRQHandler
                0x0000000008001674                EXTI4_IRQHandler
                0x0000000008001674                RNG_IRQHandler
                0x0000000008001674                ETH_IRQHandler
                0x0000000008001674                OTG_HS_EP1_OUT_IRQHandler
                0x0000000008001674                WWDG_IRQHandler
                0x0000000008001674                SPI6_IRQHandler
                0x0000000008001674                MDIOS_IRQHandler
                0x0000000008001674                I2C4_EV_IRQHandler
                0x0000000008001674                CAN3_TX_IRQHandler
                0x0000000008001674                TIM2_IRQHandler
                0x0000000008001674                OTG_FS_WKUP_IRQHandler
                0x0000000008001674                TIM1_TRG_COM_TIM11_IRQHandler
                0x0000000008001674                OTG_HS_IRQHandler
                0x0000000008001674                DMA2D_IRQHandler
                0x0000000008001674                EXTI1_IRQHandler
                0x0000000008001674                SDMMC2_IRQHandler
                0x0000000008001674                UART7_IRQHandler
                0x0000000008001674                USART2_IRQHandler
                0x0000000008001674                DFSDM1_FLT0_IRQHandler
                0x0000000008001674                I2C2_ER_IRQHandler
                0x0000000008001674                CAN1_SCE_IRQHandler
                0x0000000008001674                FLASH_IRQHandler
                0x0000000008001674                DMA2_Stream4_IRQHandler
                0x0000000008001674                USART1_IRQHandler
                0x0000000008001674                OTG_FS_IRQHandler
                0x0000000008001674                SPI3_IRQHandler
                0x0000000008001674                DMA1_Stream4_IRQHandler
                0x0000000008001674                I2C1_ER_IRQHandler
                0x0000000008001674                FMC_IRQHandler
                0x0000000008001674                LPTIM1_IRQHandler
                0x0000000008001674                I2C4_ER_IRQHandler
                0x0000000008001674                DMA2_Stream6_IRQHandler
                0x0000000008001674                SAI1_IRQHandler
                0x0000000008001674                DMA1_Stream3_IRQHandler
 .text.HAL_Init
                0x0000000008001676       0x1a ./Drivers/STM32F7xx_HAL_Driver/Src/stm32f7xx_hal.o
                0x0000000008001676                HAL_Init
 .text.HAL_InitTick
                0x0000000008001690       0x60 ./Drivers/STM32F7xx_HAL_Driver/Src/stm32f7xx_hal.o
                0x0000000008001690                HAL_InitTick
 .text.HAL_IncTick
                0x00000000080016f0       0x28 ./Drivers/STM32F7xx_HAL_Driver/Src/stm32f7xx_hal.o
                0x00000000080016f0                HAL_IncTick
 .text.HAL_GetTick
                0x0000000008001718       0x18 ./Drivers/STM32F7xx_HAL_Driver/Src/stm32f7xx_hal.o
                0x0000000008001718                HAL_GetTick
 .text.HAL_Delay
                0x0000000008001730       0x48 ./Drivers/STM32F7xx_HAL_Driver/Src/stm32f7xx_hal.o
                0x0000000008001730                HAL_Delay
 .text.__NVIC_SetPriorityGrouping
                0x0000000008001778       0x48 ./Drivers/STM32F7xx_HAL_Driver/Src/stm32f7xx_hal_cortex.o
 .text.__NVIC_GetPriorityGrouping
                0x00000000080017c0       0x1c ./Drivers/STM32F7xx_HAL_Driver/Src/stm32f7xx_hal_cortex.o
 .text.__NVIC_EnableIRQ
                0x00000000080017dc       0x3c ./Drivers/STM32F7xx_HAL_Driver/Src/stm32f7xx_hal_cortex.o
 .text.__NVIC_SetPriority
                0x0000000008001818       0x54 ./Drivers/STM32F7xx_HAL_Driver/Src/stm32f7xx_hal_cortex.o
 .text.NVIC_EncodePriority
                0x000000000800186c       0x66 ./Drivers/STM32F7xx_HAL_Driver/Src/stm32f7xx_hal_cortex.o
 *fill*         0x00000000080018d2        0x2 
 .text.SysTick_Config
                0x00000000080018d4       0x44 ./Drivers/STM32F7xx_HAL_Driver/Src/stm32f7xx_hal_cortex.o
 .text.HAL_NVIC_SetPriorityGrouping
                0x0000000008001918       0x16 ./Drivers/STM32F7xx_HAL_Driver/Src/stm32f7xx_hal_cortex.o
                0x0000000008001918                HAL_NVIC_SetPriorityGrouping
 .text.HAL_NVIC_SetPriority
                0x000000000800192e       0x38 ./Drivers/STM32F7xx_HAL_Driver/Src/stm32f7xx_hal_cortex.o
                0x000000000800192e                HAL_NVIC_SetPriority
 .text.HAL_NVIC_EnableIRQ
                0x0000000008001966       0x1c ./Drivers/STM32F7xx_HAL_Driver/Src/stm32f7xx_hal_cortex.o
                0x0000000008001966                HAL_NVIC_EnableIRQ
 .text.HAL_SYSTICK_Config
                0x0000000008001982       0x18 ./Drivers/STM32F7xx_HAL_Driver/Src/stm32f7xx_hal_cortex.o
                0x0000000008001982                HAL_SYSTICK_Config
 *fill*         0x000000000800199a        0x2 
 .text.HAL_DCMI_Init
                0x000000000800199c       0xf4 ./Drivers/STM32F7xx_HAL_Driver/Src/stm32f7xx_hal_dcmi.o
                0x000000000800199c                HAL_DCMI_Init
 .text.HAL_DCMI_Start_DMA
                0x0000000008001a90      0x15c ./Drivers/STM32F7xx_HAL_Driver/Src/stm32f7xx_hal_dcmi.o
                0x0000000008001a90                HAL_DCMI_Start_DMA
 .text.HAL_DCMI_Stop
                0x0000000008001bec       0xbc ./Drivers/STM32F7xx_HAL_Driver/Src/stm32f7xx_hal_dcmi.o
                0x0000000008001bec                HAL_DCMI_Stop
 .text.HAL_DCMI_IRQHandler
                0x0000000008001ca8      0x114 ./Drivers/STM32F7xx_HAL_Driver/Src/stm32f7xx_hal_dcmi.o
                0x0000000008001ca8                HAL_DCMI_IRQHandler
 .text.HAL_DCMI_ErrorCallback
                0x0000000008001dbc       0x14 ./Drivers/STM32F7xx_HAL_Driver/Src/stm32f7xx_hal_dcmi.o
                0x0000000008001dbc                HAL_DCMI_ErrorCallback
 .text.DCMI_DMAXferCplt
                0x0000000008001dd0      0x12a ./Drivers/STM32F7xx_HAL_Driver/Src/stm32f7xx_hal_dcmi.o
 .text.DCMI_DMAError
                0x0000000008001efa       0x3a ./Drivers/STM32F7xx_HAL_Driver/Src/stm32f7xx_hal_dcmi.o
 .text.HAL_DMA_Init
                0x0000000008001f34      0x15c ./Drivers/STM32F7xx_HAL_Driver/Src/stm32f7xx_hal_dma.o
                0x0000000008001f34                HAL_DMA_Init
 .text.HAL_DMA_Start_IT
                0x0000000008002090       0xc0 ./Drivers/STM32F7xx_HAL_Driver/Src/stm32f7xx_hal_dma.o
                0x0000000008002090                HAL_DMA_Start_IT
 .text.HAL_DMA_Abort
                0x0000000008002150       0xe0 ./Drivers/STM32F7xx_HAL_Driver/Src/stm32f7xx_hal_dma.o
                0x0000000008002150                HAL_DMA_Abort
 .text.HAL_DMA_Abort_IT
                0x0000000008002230       0x44 ./Drivers/STM32F7xx_HAL_Driver/Src/stm32f7xx_hal_dma.o
                0x0000000008002230                HAL_DMA_Abort_IT
 .text.HAL_DMA_IRQHandler
                0x0000000008002274      0x314 ./Drivers/STM32F7xx_HAL_Driver/Src/stm32f7xx_hal_dma.o
                0x0000000008002274                HAL_DMA_IRQHandler
 .text.DMA_SetConfig
                0x0000000008002588       0x5c ./Drivers/STM32F7xx_HAL_Driver/Src/stm32f7xx_hal_dma.o
 .text.DMA_CalcBaseAndBitshift
                0x00000000080025e4       0x6c ./Drivers/STM32F7xx_HAL_Driver/Src/stm32f7xx_hal_dma.o
 .text.DMA_CheckFifoParam
                0x0000000008002650       0xf8 ./Drivers/STM32F7xx_HAL_Driver/Src/stm32f7xx_hal_dma.o
 .text.HAL_DMAEx_MultiBufferStart_IT
                0x0000000008002748     0x126c ./Drivers/STM32F7xx_HAL_Driver/Src/stm32f7xx_hal_dma_ex.o
                0x0000000008002748                HAL_DMAEx_MultiBufferStart_IT
 .text.HAL_DMAEx_ChangeMemory
                0x00000000080039b4       0x34 ./Drivers/STM32F7xx_HAL_Driver/Src/stm32f7xx_hal_dma_ex.o
                0x00000000080039b4                HAL_DMAEx_ChangeMemory
 .text.DMA_MultiBufferSetConfig
                0x00000000080039e8       0x4c ./Drivers/STM32F7xx_HAL_Driver/Src/stm32f7xx_hal_dma_ex.o
 .text.HAL_ETH_Init
                0x0000000008003a34       0xf8 ./Drivers/STM32F7xx_HAL_Driver/Src/stm32f7xx_hal_eth.o
                0x0000000008003a34                HAL_ETH_Init
 .text.ETH_SetMACConfig
                0x0000000008003b2c      0x160 ./Drivers/STM32F7xx_HAL_Driver/Src/stm32f7xx_hal_eth.o
 .text.ETH_SetDMAConfig
                0x0000000008003c8c      0x114 ./Drivers/STM32F7xx_HAL_Driver/Src/stm32f7xx_hal_eth.o
 .text.ETH_MACDMAConfig
                0x0000000008003da0       0xe4 ./Drivers/STM32F7xx_HAL_Driver/Src/stm32f7xx_hal_eth.o
 .text.ETH_MACAddressConfig
                0x0000000008003e84       0x70 ./Drivers/STM32F7xx_HAL_Driver/Src/stm32f7xx_hal_eth.o
 .text.ETH_DMATxDescListInit
                0x0000000008003ef4       0xb2 ./Drivers/STM32F7xx_HAL_Driver/Src/stm32f7xx_hal_eth.o
 .text.ETH_DMARxDescListInit
                0x0000000008003fa6       0xda ./Drivers/STM32F7xx_HAL_Driver/Src/stm32f7xx_hal_eth.o
 .text.HAL_GPIO_Init
                0x0000000008004080      0x358 ./Drivers/STM32F7xx_HAL_Driver/Src/stm32f7xx_hal_gpio.o
                0x0000000008004080                HAL_GPIO_Init
 .text.HAL_GPIO_WritePin
                0x00000000080043d8       0x32 ./Drivers/STM32F7xx_HAL_Driver/Src/stm32f7xx_hal_gpio.o
                0x00000000080043d8                HAL_GPIO_WritePin
 *fill*         0x000000000800440a        0x2 
 .text.HAL_I2C_Init
                0x000000000800440c      0x120 ./Drivers/STM32F7xx_HAL_Driver/Src/stm32f7xx_hal_i2c.o
                0x000000000800440c                HAL_I2C_Init
 .text.HAL_I2C_Master_Transmit
                0x000000000800452c      0x1e8 ./Drivers/STM32F7xx_HAL_Driver/Src/stm32f7xx_hal_i2c.o
                0x000000000800452c                HAL_I2C_Master_Transmit
 .text.HAL_I2C_Master_Receive
                0x0000000008004714      0x1ec ./Drivers/STM32F7xx_HAL_Driver/Src/stm32f7xx_hal_i2c.o
                0x0000000008004714                HAL_I2C_Master_Receive
 .text.HAL_I2C_Mem_Write
                0x0000000008004900      0x228 ./Drivers/STM32F7xx_HAL_Driver/Src/stm32f7xx_hal_i2c.o
                0x0000000008004900                HAL_I2C_Mem_Write
 .text.I2C_RequestMemoryWrite
                0x0000000008004b28       0xa8 ./Drivers/STM32F7xx_HAL_Driver/Src/stm32f7xx_hal_i2c.o
 .text.I2C_Flush_TXDR
                0x0000000008004bd0       0x48 ./Drivers/STM32F7xx_HAL_Driver/Src/stm32f7xx_hal_i2c.o
 .text.I2C_WaitOnFlagUntilTimeout
                0x0000000008004c18       0x80 ./Drivers/STM32F7xx_HAL_Driver/Src/stm32f7xx_hal_i2c.o
 .text.I2C_WaitOnTXISFlagUntilTimeout
                0x0000000008004c98       0x80 ./Drivers/STM32F7xx_HAL_Driver/Src/stm32f7xx_hal_i2c.o
 .text.I2C_WaitOnSTOPFlagUntilTimeout
                0x0000000008004d18       0x78 ./Drivers/STM32F7xx_HAL_Driver/Src/stm32f7xx_hal_i2c.o
 .text.I2C_WaitOnRXNEFlagUntilTimeout
                0x0000000008004d90       0xf4 ./Drivers/STM32F7xx_HAL_Driver/Src/stm32f7xx_hal_i2c.o
 .text.I2C_IsErrorOccurred
                0x0000000008004e84      0x1c0 ./Drivers/STM32F7xx_HAL_Driver/Src/stm32f7xx_hal_i2c.o
 .text.I2C_TransferConfig
                0x0000000008005044       0x64 ./Drivers/STM32F7xx_HAL_Driver/Src/stm32f7xx_hal_i2c.o
 .text.HAL_I2CEx_ConfigAnalogFilter
                0x00000000080050a8       0x96 ./Drivers/STM32F7xx_HAL_Driver/Src/stm32f7xx_hal_i2c_ex.o
                0x00000000080050a8                HAL_I2CEx_ConfigAnalogFilter
 .text.HAL_I2CEx_ConfigDigitalFilter
                0x000000000800513e       0x98 ./Drivers/STM32F7xx_HAL_Driver/Src/stm32f7xx_hal_i2c_ex.o
                0x000000000800513e                HAL_I2CEx_ConfigDigitalFilter
 .text.HAL_PCD_Init
                0x00000000080051d6      0x248 ./Drivers/STM32F7xx_HAL_Driver/Src/stm32f7xx_hal_pcd.o
                0x00000000080051d6                HAL_PCD_Init
 *fill*         0x000000000800541e        0x2 
 .text.HAL_PCDEx_ActivateLPM
                0x0000000008005420       0x48 ./Drivers/STM32F7xx_HAL_Driver/Src/stm32f7xx_hal_pcd_ex.o
                0x0000000008005420                HAL_PCDEx_ActivateLPM
 .text.HAL_PWR_EnableBkUpAccess
                0x0000000008005468       0x20 ./Drivers/STM32F7xx_HAL_Driver/Src/stm32f7xx_hal_pwr.o
                0x0000000008005468                HAL_PWR_EnableBkUpAccess
 .text.HAL_PWREx_EnableOverDrive
                0x0000000008005488       0xa0 ./Drivers/STM32F7xx_HAL_Driver/Src/stm32f7xx_hal_pwr_ex.o
                0x0000000008005488                HAL_PWREx_EnableOverDrive
 .text.HAL_RCC_OscConfig
                0x0000000008005528      0x55c ./Drivers/STM32F7xx_HAL_Driver/Src/stm32f7xx_hal_rcc.o
                0x0000000008005528                HAL_RCC_OscConfig
 .text.HAL_RCC_ClockConfig
                0x0000000008005a84      0x1d8 ./Drivers/STM32F7xx_HAL_Driver/Src/stm32f7xx_hal_rcc.o
                0x0000000008005a84                HAL_RCC_ClockConfig
 .text.HAL_RCC_GetSysClockFreq
                0x0000000008005c5c      0x20c ./Drivers/STM32F7xx_HAL_Driver/Src/stm32f7xx_hal_rcc.o
                0x0000000008005c5c                HAL_RCC_GetSysClockFreq
 .text.HAL_RCC_GetHCLKFreq
                0x0000000008005e68       0x18 ./Drivers/STM32F7xx_HAL_Driver/Src/stm32f7xx_hal_rcc.o
                0x0000000008005e68                HAL_RCC_GetHCLKFreq
 .text.HAL_RCC_GetPCLK1Freq
                0x0000000008005e80       0x28 ./Drivers/STM32F7xx_HAL_Driver/Src/stm32f7xx_hal_rcc.o
                0x0000000008005e80                HAL_RCC_GetPCLK1Freq
 .text.HAL_RCC_GetPCLK2Freq
                0x0000000008005ea8       0x28 ./Drivers/STM32F7xx_HAL_Driver/Src/stm32f7xx_hal_rcc.o
                0x0000000008005ea8                HAL_RCC_GetPCLK2Freq
 .text.HAL_RCCEx_PeriphCLKConfig
                0x0000000008005ed0      0x850 ./Drivers/STM32F7xx_HAL_Driver/Src/stm32f7xx_hal_rcc_ex.o
                0x0000000008005ed0                HAL_RCCEx_PeriphCLKConfig
 .text.HAL_TIM_Base_Init
                0x0000000008006720       0xae ./Drivers/STM32F7xx_HAL_Driver/Src/stm32f7xx_hal_tim.o
                0x0000000008006720                HAL_TIM_Base_Init
 .text.HAL_TIM_OC_Init
                0x00000000080067ce       0xae ./Drivers/STM32F7xx_HAL_Driver/Src/stm32f7xx_hal_tim.o
                0x00000000080067ce                HAL_TIM_OC_Init
 .text.HAL_TIM_OC_MspInit
                0x000000000800687c       0x14 ./Drivers/STM32F7xx_HAL_Driver/Src/stm32f7xx_hal_tim.o
                0x000000000800687c                HAL_TIM_OC_MspInit
 .text.HAL_TIM_OC_Start
                0x0000000008006890      0x1f4 ./Drivers/STM32F7xx_HAL_Driver/Src/stm32f7xx_hal_tim.o
                0x0000000008006890                HAL_TIM_OC_Start
 .text.HAL_TIM_OC_ConfigChannel
                0x0000000008006a84       0xf4 ./Drivers/STM32F7xx_HAL_Driver/Src/stm32f7xx_hal_tim.o
                0x0000000008006a84                HAL_TIM_OC_ConfigChannel
 .text.TIM_Base_SetConfig
                0x0000000008006b78      0x140 ./Drivers/STM32F7xx_HAL_Driver/Src/stm32f7xx_hal_tim.o
                0x0000000008006b78                TIM_Base_SetConfig
 .text.TIM_OC1_SetConfig
                0x0000000008006cb8       0xe4 ./Drivers/STM32F7xx_HAL_Driver/Src/stm32f7xx_hal_tim.o
 .text.TIM_OC2_SetConfig
                0x0000000008006d9c       0xf0 ./Drivers/STM32F7xx_HAL_Driver/Src/stm32f7xx_hal_tim.o
                0x0000000008006d9c                TIM_OC2_SetConfig
 .text.TIM_OC3_SetConfig
                0x0000000008006e8c       0xec ./Drivers/STM32F7xx_HAL_Driver/Src/stm32f7xx_hal_tim.o
 .text.TIM_OC4_SetConfig
                0x0000000008006f78       0xb0 ./Drivers/STM32F7xx_HAL_Driver/Src/stm32f7xx_hal_tim.o
 .text.TIM_OC5_SetConfig
                0x0000000008007028       0xa4 ./Drivers/STM32F7xx_HAL_Driver/Src/stm32f7xx_hal_tim.o
 .text.TIM_OC6_SetConfig
                0x00000000080070cc       0xa8 ./Drivers/STM32F7xx_HAL_Driver/Src/stm32f7xx_hal_tim.o
 .text.TIM_CCxChannelCmd
                0x0000000008007174       0x4a ./Drivers/STM32F7xx_HAL_Driver/Src/stm32f7xx_hal_tim.o
                0x0000000008007174                TIM_CCxChannelCmd
 .text.HAL_UART_Init
                0x00000000080071be       0x9c ./Drivers/STM32F7xx_HAL_Driver/Src/stm32f7xx_hal_uart.o
                0x00000000080071be                HAL_UART_Init
 .text.HAL_UART_Transmit
                0x000000000800725a      0x106 ./Drivers/STM32F7xx_HAL_Driver/Src/stm32f7xx_hal_uart.o
                0x000000000800725a                HAL_UART_Transmit
 .text.UART_SetConfig
                0x0000000008007360      0x4c8 ./Drivers/STM32F7xx_HAL_Driver/Src/stm32f7xx_hal_uart.o
                0x0000000008007360                UART_SetConfig
 .text.UART_AdvFeatureConfig
                0x0000000008007828      0x144 ./Drivers/STM32F7xx_HAL_Driver/Src/stm32f7xx_hal_uart.o
                0x0000000008007828                UART_AdvFeatureConfig
 .text.UART_CheckIdleState
                0x000000000800796c       0x9a ./Drivers/STM32F7xx_HAL_Driver/Src/stm32f7xx_hal_uart.o
                0x000000000800796c                UART_CheckIdleState
 .text.UART_WaitOnFlagUntilTimeout
                0x0000000008007a06      0x18c ./Drivers/STM32F7xx_HAL_Driver/Src/stm32f7xx_hal_uart.o
                0x0000000008007a06                UART_WaitOnFlagUntilTimeout
 *fill*         0x0000000008007b92        0x2 
 .text.USB_CoreInit
                0x0000000008007b94       0xb0 ./Drivers/STM32F7xx_HAL_Driver/Src/stm32f7xx_ll_usb.o
                0x0000000008007b94                USB_CoreInit
 .text.USB_DisableGlobalInt
                0x0000000008007c44       0x22 ./Drivers/STM32F7xx_HAL_Driver/Src/stm32f7xx_ll_usb.o
                0x0000000008007c44                USB_DisableGlobalInt
 .text.USB_SetCurrentMode
                0x0000000008007c66       0x98 ./Drivers/STM32F7xx_HAL_Driver/Src/stm32f7xx_ll_usb.o
                0x0000000008007c66                USB_SetCurrentMode
 *fill*         0x0000000008007cfe        0x2 
 .text.USB_DevInit
                0x0000000008007d00      0x2bc ./Drivers/STM32F7xx_HAL_Driver/Src/stm32f7xx_ll_usb.o
                0x0000000008007d00                USB_DevInit
 .text.USB_FlushTxFifo
                0x0000000008007fbc       0x68 ./Drivers/STM32F7xx_HAL_Driver/Src/stm32f7xx_ll_usb.o
                0x0000000008007fbc                USB_FlushTxFifo
 .text.USB_FlushRxFifo
                0x0000000008008024       0x60 ./Drivers/STM32F7xx_HAL_Driver/Src/stm32f7xx_ll_usb.o
                0x0000000008008024                USB_FlushRxFifo
 .text.USB_SetDevSpeed
                0x0000000008008084       0x32 ./Drivers/STM32F7xx_HAL_Driver/Src/stm32f7xx_ll_usb.o
                0x0000000008008084                USB_SetDevSpeed
 .text.USB_DevDisconnect
                0x00000000080080b6       0x42 ./Drivers/STM32F7xx_HAL_Driver/Src/stm32f7xx_ll_usb.o
                0x00000000080080b6                USB_DevDisconnect
 .text.USB_GetMode
                0x00000000080080f8       0x1c ./Drivers/STM32F7xx_HAL_Driver/Src/stm32f7xx_ll_usb.o
                0x00000000080080f8                USB_GetMode
 .text.USB_CoreReset
                0x0000000008008114       0x68 ./Drivers/STM32F7xx_HAL_Driver/Src/stm32f7xx_ll_usb.o
 .text.__libc_init_array
                0x000000000800817c       0x48 c:/st/stm32cubeide_1.9.0/stm32cubeide/plugins/com.st.stm32cube.ide.mcu.externaltools.gnu-tools-for-stm32.10.3-2021.10.win32_1.0.200.202301161003/tools/bin/../lib/gcc/arm-none-eabi/10.3.1/../../../../arm-none-eabi/lib/thumb/v7e-m+dp/hard\libc_nano.a(lib_a-init.o)
                0x000000000800817c                __libc_init_array
 .text.memset   0x00000000080081c4       0x10 c:/st/stm32cubeide_1.9.0/stm32cubeide/plugins/com.st.stm32cube.ide.mcu.externaltools.gnu-tools-for-stm32.10.3-2021.10.win32_1.0.200.202301161003/tools/bin/../lib/gcc/arm-none-eabi/10.3.1/../../../../arm-none-eabi/lib/thumb/v7e-m+dp/hard\libc_nano.a(lib_a-memset.o)
                0x00000000080081c4                memset
 *(.glue_7)
 .glue_7        0x00000000080081d4        0x0 linker stubs
 *(.glue_7t)
 .glue_7t       0x00000000080081d4        0x0 linker stubs
 *(.eh_frame)
 .eh_frame      0x00000000080081d4        0x0 c:/st/stm32cubeide_1.9.0/stm32cubeide/plugins/com.st.stm32cube.ide.mcu.externaltools.gnu-tools-for-stm32.10.3-2021.10.win32_1.0.200.202301161003/tools/bin/../lib/gcc/arm-none-eabi/10.3.1/thumb/v7e-m+dp/hard/crtbegin.o
 *(.init)
 .init          0x00000000080081d4        0x4 c:/st/stm32cubeide_1.9.0/stm32cubeide/plugins/com.st.stm32cube.ide.mcu.externaltools.gnu-tools-for-stm32.10.3-2021.10.win32_1.0.200.202301161003/tools/bin/../lib/gcc/arm-none-eabi/10.3.1/thumb/v7e-m+dp/hard/crti.o
                0x00000000080081d4                _init
 .init          0x00000000080081d8        0x8 c:/st/stm32cubeide_1.9.0/stm32cubeide/plugins/com.st.stm32cube.ide.mcu.externaltools.gnu-tools-for-stm32.10.3-2021.10.win32_1.0.200.202301161003/tools/bin/../lib/gcc/arm-none-eabi/10.3.1/thumb/v7e-m+dp/hard/crtn.o
 *(.fini)
 .fini          0x00000000080081e0        0x4 c:/st/stm32cubeide_1.9.0/stm32cubeide/plugins/com.st.stm32cube.ide.mcu.externaltools.gnu-tools-for-stm32.10.3-2021.10.win32_1.0.200.202301161003/tools/bin/../lib/gcc/arm-none-eabi/10.3.1/thumb/v7e-m+dp/hard/crti.o
                0x00000000080081e0                _fini
 .fini          0x00000000080081e4        0x8 c:/st/stm32cubeide_1.9.0/stm32cubeide/plugins/com.st.stm32cube.ide.mcu.externaltools.gnu-tools-for-stm32.10.3-2021.10.win32_1.0.200.202301161003/tools/bin/../lib/gcc/arm-none-eabi/10.3.1/thumb/v7e-m+dp/hard/crtn.o
                0x00000000080081ec                . = ALIGN (0x4)
                0x00000000080081ec                _etext = .

.vfp11_veneer   0x00000000080081ec        0x0
 .vfp11_veneer  0x00000000080081ec        0x0 linker stubs

.v4_bx          0x00000000080081ec        0x0
 .v4_bx         0x00000000080081ec        0x0 linker stubs

.iplt           0x00000000080081ec        0x0
 .iplt          0x00000000080081ec        0x0 c:/st/stm32cubeide_1.9.0/stm32cubeide/plugins/com.st.stm32cube.ide.mcu.externaltools.gnu-tools-for-stm32.10.3-2021.10.win32_1.0.200.202301161003/tools/bin/../lib/gcc/arm-none-eabi/10.3.1/thumb/v7e-m+dp/hard/crtbegin.o

.rodata         0x00000000080081ec      0x118
                0x00000000080081ec                . = ALIGN (0x4)
 *(.rodata)
 *(.rodata*)
 .rodata.AHBPrescTable
                0x00000000080081ec       0x10 ./Core/Src/system_stm32f7xx.o
                0x00000000080081ec                AHBPrescTable
 .rodata.APBPrescTable
                0x00000000080081fc        0x8 ./Core/Src/system_stm32f7xx.o
                0x00000000080081fc                APBPrescTable
 .rodata.OV7670_reg
                0x0000000008008204       0xf6 ./Core/Src/ov7670/ov7670.o
                0x0000000008008204                OV7670_reg
 *fill*         0x00000000080082fa        0x2 
 .rodata.flagBitshiftOffset.0
                0x00000000080082fc        0x8 ./Drivers/STM32F7xx_HAL_Driver/Src/stm32f7xx_hal_dma.o
                0x0000000008008304                . = ALIGN (0x4)

.ARM.extab      0x0000000008008304        0x0
                0x0000000008008304                . = ALIGN (0x4)
 *(.ARM.extab* .gnu.linkonce.armextab.*)
                0x0000000008008304                . = ALIGN (0x4)

.ARM            0x0000000008008304        0x8
                0x0000000008008304                . = ALIGN (0x4)
                0x0000000008008304                __exidx_start = .
 *(.ARM.exidx*)
 .ARM.exidx     0x0000000008008304        0x8 c:/st/stm32cubeide_1.9.0/stm32cubeide/plugins/com.st.stm32cube.ide.mcu.externaltools.gnu-tools-for-stm32.10.3-2021.10.win32_1.0.200.202301161003/tools/bin/../lib/gcc/arm-none-eabi/10.3.1/thumb/v7e-m+dp/hard\libgcc.a(_udivmoddi4.o)
                0x000000000800830c                __exidx_end = .
                0x000000000800830c                . = ALIGN (0x4)

.rel.dyn        0x000000000800830c        0x0
 .rel.iplt      0x000000000800830c        0x0 c:/st/stm32cubeide_1.9.0/stm32cubeide/plugins/com.st.stm32cube.ide.mcu.externaltools.gnu-tools-for-stm32.10.3-2021.10.win32_1.0.200.202301161003/tools/bin/../lib/gcc/arm-none-eabi/10.3.1/thumb/v7e-m+dp/hard/crtbegin.o

.preinit_array  0x000000000800830c        0x0
                0x000000000800830c                . = ALIGN (0x4)
                0x000000000800830c                PROVIDE (__preinit_array_start = .)
 *(.preinit_array*)
                0x000000000800830c                PROVIDE (__preinit_array_end = .)
                0x000000000800830c                . = ALIGN (0x4)

.init_array     0x000000000800830c        0x4
                0x000000000800830c                . = ALIGN (0x4)
                0x000000000800830c                PROVIDE (__init_array_start = .)
 *(SORT_BY_NAME(.init_array.*))
 *(.init_array*)
 .init_array    0x000000000800830c        0x4 c:/st/stm32cubeide_1.9.0/stm32cubeide/plugins/com.st.stm32cube.ide.mcu.externaltools.gnu-tools-for-stm32.10.3-2021.10.win32_1.0.200.202301161003/tools/bin/../lib/gcc/arm-none-eabi/10.3.1/thumb/v7e-m+dp/hard/crtbegin.o
                0x0000000008008310                PROVIDE (__init_array_end = .)
                0x0000000008008310                . = ALIGN (0x4)

.fini_array     0x0000000008008310        0x4
                0x0000000008008310                . = ALIGN (0x4)
                [!provide]                        PROVIDE (__fini_array_start = .)
 *(SORT_BY_NAME(.fini_array.*))
 *(.fini_array*)
 .fini_array    0x0000000008008310        0x4 c:/st/stm32cubeide_1.9.0/stm32cubeide/plugins/com.st.stm32cube.ide.mcu.externaltools.gnu-tools-for-stm32.10.3-2021.10.win32_1.0.200.202301161003/tools/bin/../lib/gcc/arm-none-eabi/10.3.1/thumb/v7e-m+dp/hard/crtbegin.o
                [!provide]                        PROVIDE (__fini_array_end = .)
                0x0000000008008314                . = ALIGN (0x4)
                0x0000000008008314                _sidata = LOADADDR (.data)

.data           0x0000000020000000      0x104 load address 0x0000000008008314
                0x0000000020000000                . = ALIGN (0x4)
                0x0000000020000000                _sdata = .
 *(.data)
 *(.data*)
 .data.SystemCoreClock
                0x0000000020000000        0x4 ./Core/Src/system_stm32f7xx.o
                0x0000000020000000                SystemCoreClock
 .data.OV7670_reg_read
                0x0000000020000004       0xf6 ./Core/Src/ov7670/ov7670.o
                0x0000000020000004                OV7670_reg_read
 *fill*         0x00000000200000fa        0x2 
 .data.uwTickPrio
                0x00000000200000fc        0x4 ./Drivers/STM32F7xx_HAL_Driver/Src/stm32f7xx_hal.o
                0x00000000200000fc                uwTickPrio
 .data.uwTickFreq
                0x0000000020000100        0x1 ./Drivers/STM32F7xx_HAL_Driver/Src/stm32f7xx_hal.o
                0x0000000020000100                uwTickFreq
 *(.RamFunc)
 *(.RamFunc*)
                0x0000000020000104                . = ALIGN (0x4)
 *fill*         0x0000000020000101        0x3 
                0x0000000020000104                _edata = .

.igot.plt       0x0000000020000104        0x0 load address 0x0000000008008418
 .igot.plt      0x0000000020000104        0x0 c:/st/stm32cubeide_1.9.0/stm32cubeide/plugins/com.st.stm32cube.ide.mcu.externaltools.gnu-tools-for-stm32.10.3-2021.10.win32_1.0.200.202301161003/tools/bin/../lib/gcc/arm-none-eabi/10.3.1/thumb/v7e-m+dp/hard/crtbegin.o

.RxDecripSection
                0x0000000020000104       0xa0 load address 0x0000000008008418
 .RxDecripSection
                0x0000000020000104       0xa0 ./Core/Src/eth.o
                0x0000000020000104                DMARxDscrTab

.TxDecripSection
                0x00000000200001a4       0xa0 load address 0x00000000080084b8
 .TxDecripSection
                0x00000000200001a4       0xa0 ./Core/Src/eth.o
                0x00000000200001a4                DMATxDscrTab
                0x0000000020000244                . = ALIGN (0x4)

.bss            0x0000000020000244    0x38c1c load address 0x0000000008008558
                0x0000000020000244                _sbss = .
                0x0000000020000244                __bss_start__ = _sbss
 *(.bss)
 .bss           0x0000000020000244       0x1c c:/st/stm32cubeide_1.9.0/stm32cubeide/plugins/com.st.stm32cube.ide.mcu.externaltools.gnu-tools-for-stm32.10.3-2021.10.win32_1.0.200.202301161003/tools/bin/../lib/gcc/arm-none-eabi/10.3.1/thumb/v7e-m+dp/hard/crtbegin.o
 *(.bss*)
 .bss.hdcmi     0x0000000020000260       0x50 ./Core/Src/dcmi.o
                0x0000000020000260                hdcmi
 .bss.hdma_dcmi
                0x00000000200002b0       0x60 ./Core/Src/dcmi.o
                0x00000000200002b0                hdma_dcmi
 .bss.TxConfig  0x0000000020000310       0x38 ./Core/Src/eth.o
                0x0000000020000310                TxConfig
 .bss.heth      0x0000000020000348       0xb0 ./Core/Src/eth.o
                0x0000000020000348                heth
 .bss.MACAddr.0
                0x00000000200003f8        0x6 ./Core/Src/eth.o
 *fill*         0x00000000200003fe        0x2 
 .bss.hi2c2     0x0000000020000400       0x54 ./Core/Src/i2c.o
                0x0000000020000400                hi2c2
 .bss.imagebuf  0x0000000020000454    0x25800 ./Core/Src/main.o
                0x0000000020000454                imagebuf
 .bss.tempbuf   0x0000000020025c54    0x12c00 ./Core/Src/main.o
                0x0000000020025c54                tempbuf
 .bss.htim10    0x0000000020038854       0x4c ./Core/Src/tim.o
                0x0000000020038854                htim10
 .bss.huart3    0x00000000200388a0       0x88 ./Core/Src/usart.o
                0x00000000200388a0                huart3
 .bss.hpcd_USB_OTG_FS
                0x0000000020038928      0x508 ./Core/Src/usb_otg.o
                0x0000000020038928                hpcd_USB_OTG_FS
 .bss.h_events  0x0000000020038e30        0x4 ./Core/Src/ov7670/ov7670.o
                0x0000000020038e30                h_events
 .bss.v_events  0x0000000020038e34        0x4 ./Core/Src/ov7670/ov7670.o
                0x0000000020038e34                v_events
 .bss.f_events  0x0000000020038e38        0x4 ./Core/Src/ov7670/ov7670.o
                0x0000000020038e38                f_events
 .bss.sp_hdcmi  0x0000000020038e3c        0x4 ./Core/Src/ov7670/ov7670.o
 .bss.sp_hdma_dcmi
                0x0000000020038e40        0x4 ./Core/Src/ov7670/ov7670.o
 .bss.sp_hi2c   0x0000000020038e44        0x4 ./Core/Src/ov7670/ov7670.o
 .bss.s_destAddressForContiuousMode
                0x0000000020038e48        0x4 ./Core/Src/ov7670/ov7670.o
 .bss.s_cbHsync
                0x0000000020038e4c        0x4 ./Core/Src/ov7670/ov7670.o
 .bss.s_cbVsync
                0x0000000020038e50        0x4 ./Core/Src/ov7670/ov7670.o
 .bss.s_currentH
                0x0000000020038e54        0x4 ./Core/Src/ov7670/ov7670.o
 .bss.s_currentV
                0x0000000020038e58        0x4 ./Core/Src/ov7670/ov7670.o
 .bss.uwTick    0x0000000020038e5c        0x4 ./Drivers/STM32F7xx_HAL_Driver/Src/stm32f7xx_hal.o
                0x0000000020038e5c                uwTick
 *(COMMON)
                0x0000000020038e60                . = ALIGN (0x4)
                0x0000000020038e60                _ebss = .
                0x0000000020038e60                __bss_end__ = _ebss

._user_heap_stack
                0x0000000020038e60      0x600 load address 0x0000000008008558
                0x0000000020038e60                . = ALIGN (0x8)
                [!provide]                        PROVIDE (end = .)
                0x0000000020038e60                PROVIDE (_end = .)
                0x0000000020039060                . = (. + _Min_Heap_Size)
 *fill*         0x0000000020038e60      0x200 
                0x0000000020039460                . = (. + _Min_Stack_Size)
 *fill*         0x0000000020039060      0x400 
                0x0000000020039460                . = ALIGN (0x8)

/DISCARD/
 libc.a(*)
 libm.a(*)
 libgcc.a(*)

.ARM.attributes
                0x0000000000000000       0x2e
 *(.ARM.attributes)
 .ARM.attributes
                0x0000000000000000       0x1e c:/st/stm32cubeide_1.9.0/stm32cubeide/plugins/com.st.stm32cube.ide.mcu.externaltools.gnu-tools-for-stm32.10.3-2021.10.win32_1.0.200.202301161003/tools/bin/../lib/gcc/arm-none-eabi/10.3.1/thumb/v7e-m+dp/hard/crti.o
 .ARM.attributes
                0x000000000000001e       0x32 c:/st/stm32cubeide_1.9.0/stm32cubeide/plugins/com.st.stm32cube.ide.mcu.externaltools.gnu-tools-for-stm32.10.3-2021.10.win32_1.0.200.202301161003/tools/bin/../lib/gcc/arm-none-eabi/10.3.1/thumb/v7e-m+dp/hard/crtbegin.o
 .ARM.attributes
                0x0000000000000050       0x32 ./Core/Src/dcmi.o
 .ARM.attributes
                0x0000000000000082       0x32 ./Core/Src/dma.o
 .ARM.attributes
                0x00000000000000b4       0x32 ./Core/Src/eth.o
 .ARM.attributes
                0x00000000000000e6       0x32 ./Core/Src/gpio.o
 .ARM.attributes
                0x0000000000000118       0x32 ./Core/Src/i2c.o
 .ARM.attributes
                0x000000000000014a       0x32 ./Core/Src/main.o
 .ARM.attributes
                0x000000000000017c       0x32 ./Core/Src/stm32f7xx_hal_msp.o
 .ARM.attributes
                0x00000000000001ae       0x32 ./Core/Src/stm32f7xx_it.o
 .ARM.attributes
                0x00000000000001e0       0x32 ./Core/Src/system_stm32f7xx.o
 .ARM.attributes
                0x0000000000000212       0x32 ./Core/Src/tim.o
 .ARM.attributes
                0x0000000000000244       0x32 ./Core/Src/usart.o
 .ARM.attributes
                0x0000000000000276       0x32 ./Core/Src/usb_otg.o
 .ARM.attributes
                0x00000000000002a8       0x32 ./Core/Src/ov7670/ov7670.o
 .ARM.attributes
                0x00000000000002da       0x21 ./Core/Startup/startup_stm32f767zitx.o
 .ARM.attributes
                0x00000000000002fb       0x32 ./Drivers/STM32F7xx_HAL_Driver/Src/stm32f7xx_hal.o
 .ARM.attributes
                0x000000000000032d       0x32 ./Drivers/STM32F7xx_HAL_Driver/Src/stm32f7xx_hal_cortex.o
 .ARM.attributes
                0x000000000000035f       0x32 ./Drivers/STM32F7xx_HAL_Driver/Src/stm32f7xx_hal_dcmi.o
 .ARM.attributes
                0x0000000000000391       0x32 ./Drivers/STM32F7xx_HAL_Driver/Src/stm32f7xx_hal_dma.o
 .ARM.attributes
                0x00000000000003c3       0x32 ./Drivers/STM32F7xx_HAL_Driver/Src/stm32f7xx_hal_dma_ex.o
 .ARM.attributes
                0x00000000000003f5       0x32 ./Drivers/STM32F7xx_HAL_Driver/Src/stm32f7xx_hal_eth.o
 .ARM.attributes
                0x0000000000000427       0x32 ./Drivers/STM32F7xx_HAL_Driver/Src/stm32f7xx_hal_gpio.o
 .ARM.attributes
                0x0000000000000459       0x32 ./Drivers/STM32F7xx_HAL_Driver/Src/stm32f7xx_hal_i2c.o
 .ARM.attributes
                0x000000000000048b       0x32 ./Drivers/STM32F7xx_HAL_Driver/Src/stm32f7xx_hal_i2c_ex.o
 .ARM.attributes
                0x00000000000004bd       0x32 ./Drivers/STM32F7xx_HAL_Driver/Src/stm32f7xx_hal_pcd.o
 .ARM.attributes
                0x00000000000004ef       0x32 ./Drivers/STM32F7xx_HAL_Driver/Src/stm32f7xx_hal_pcd_ex.o
 .ARM.attributes
                0x0000000000000521       0x32 ./Drivers/STM32F7xx_HAL_Driver/Src/stm32f7xx_hal_pwr.o
 .ARM.attributes
                0x0000000000000553       0x32 ./Drivers/STM32F7xx_HAL_Driver/Src/stm32f7xx_hal_pwr_ex.o
 .ARM.attributes
                0x0000000000000585       0x32 ./Drivers/STM32F7xx_HAL_Driver/Src/stm32f7xx_hal_rcc.o
 .ARM.attributes
                0x00000000000005b7       0x32 ./Drivers/STM32F7xx_HAL_Driver/Src/stm32f7xx_hal_rcc_ex.o
 .ARM.attributes
                0x00000000000005e9       0x32 ./Drivers/STM32F7xx_HAL_Driver/Src/stm32f7xx_hal_tim.o
 .ARM.attributes
                0x000000000000061b       0x32 ./Drivers/STM32F7xx_HAL_Driver/Src/stm32f7xx_hal_uart.o
 .ARM.attributes
                0x000000000000064d       0x32 ./Drivers/STM32F7xx_HAL_Driver/Src/stm32f7xx_ll_usb.o
 .ARM.attributes
                0x000000000000067f       0x32 c:/st/stm32cubeide_1.9.0/stm32cubeide/plugins/com.st.stm32cube.ide.mcu.externaltools.gnu-tools-for-stm32.10.3-2021.10.win32_1.0.200.202301161003/tools/bin/../lib/gcc/arm-none-eabi/10.3.1/../../../../arm-none-eabi/lib/thumb/v7e-m+dp/hard\libc_nano.a(lib_a-init.o)
 .ARM.attributes
                0x00000000000006b1       0x32 c:/st/stm32cubeide_1.9.0/stm32cubeide/plugins/com.st.stm32cube.ide.mcu.externaltools.gnu-tools-for-stm32.10.3-2021.10.win32_1.0.200.202301161003/tools/bin/../lib/gcc/arm-none-eabi/10.3.1/../../../../arm-none-eabi/lib/thumb/v7e-m+dp/hard\libc_nano.a(lib_a-memset.o)
 .ARM.attributes
                0x00000000000006e3       0x1e c:/st/stm32cubeide_1.9.0/stm32cubeide/plugins/com.st.stm32cube.ide.mcu.externaltools.gnu-tools-for-stm32.10.3-2021.10.win32_1.0.200.202301161003/tools/bin/../lib/gcc/arm-none-eabi/10.3.1/thumb/v7e-m+dp/hard\libgcc.a(_aeabi_uldivmod.o)
 .ARM.attributes
                0x0000000000000701       0x32 c:/st/stm32cubeide_1.9.0/stm32cubeide/plugins/com.st.stm32cube.ide.mcu.externaltools.gnu-tools-for-stm32.10.3-2021.10.win32_1.0.200.202301161003/tools/bin/../lib/gcc/arm-none-eabi/10.3.1/thumb/v7e-m+dp/hard\libgcc.a(_udivmoddi4.o)
 .ARM.attributes
                0x0000000000000733       0x1e c:/st/stm32cubeide_1.9.0/stm32cubeide/plugins/com.st.stm32cube.ide.mcu.externaltools.gnu-tools-for-stm32.10.3-2021.10.win32_1.0.200.202301161003/tools/bin/../lib/gcc/arm-none-eabi/10.3.1/thumb/v7e-m+dp/hard\libgcc.a(_dvmd_tls.o)
 .ARM.attributes
                0x0000000000000751       0x1e c:/st/stm32cubeide_1.9.0/stm32cubeide/plugins/com.st.stm32cube.ide.mcu.externaltools.gnu-tools-for-stm32.10.3-2021.10.win32_1.0.200.202301161003/tools/bin/../lib/gcc/arm-none-eabi/10.3.1/thumb/v7e-m+dp/hard/crtn.o
OUTPUT(Ov7670_camera.elf elf32-littlearm)
LOAD linker stubs
LOAD c:/st/stm32cubeide_1.9.0/stm32cubeide/plugins/com.st.stm32cube.ide.mcu.externaltools.gnu-tools-for-stm32.10.3-2021.10.win32_1.0.200.202301161003/tools/bin/../lib/gcc/arm-none-eabi/10.3.1/../../../../arm-none-eabi/lib/thumb/v7e-m+dp/hard\libc.a
LOAD c:/st/stm32cubeide_1.9.0/stm32cubeide/plugins/com.st.stm32cube.ide.mcu.externaltools.gnu-tools-for-stm32.10.3-2021.10.win32_1.0.200.202301161003/tools/bin/../lib/gcc/arm-none-eabi/10.3.1/../../../../arm-none-eabi/lib/thumb/v7e-m+dp/hard\libm.a
LOAD c:/st/stm32cubeide_1.9.0/stm32cubeide/plugins/com.st.stm32cube.ide.mcu.externaltools.gnu-tools-for-stm32.10.3-2021.10.win32_1.0.200.202301161003/tools/bin/../lib/gcc/arm-none-eabi/10.3.1/thumb/v7e-m+dp/hard\libgcc.a

.debug_info     0x0000000000000000    0x1e5b3
 .debug_info    0x0000000000000000      0xdea ./Core/Src/dcmi.o
 .debug_info    0x0000000000000dea      0x5b8 ./Core/Src/dma.o
 .debug_info    0x00000000000013a2     0x1010 ./Core/Src/eth.o
 .debug_info    0x00000000000023b2      0x50f ./Core/Src/gpio.o
 .debug_info    0x00000000000028c1      0xd14 ./Core/Src/i2c.o
 .debug_info    0x00000000000035d5     0x163d ./Core/Src/main.o
 .debug_info    0x0000000000004c12      0x2d2 ./Core/Src/stm32f7xx_hal_msp.o
 .debug_info    0x0000000000004ee4      0x6cc ./Core/Src/stm32f7xx_it.o
 .debug_info    0x00000000000055b0      0x72c ./Core/Src/system_stm32f7xx.o
 .debug_info    0x0000000000005cdc      0xc01 ./Core/Src/tim.o
 .debug_info    0x00000000000068dd      0xd34 ./Core/Src/usart.o
 .debug_info    0x0000000000007611      0xc8f ./Core/Src/usb_otg.o
 .debug_info    0x00000000000082a0      0xe94 ./Core/Src/ov7670/ov7670.o
 .debug_info    0x0000000000009134       0x22 ./Core/Startup/startup_stm32f767zitx.o
 .debug_info    0x0000000000009156      0xa82 ./Drivers/STM32F7xx_HAL_Driver/Src/stm32f7xx_hal.o
 .debug_info    0x0000000000009bd8     0x109c ./Drivers/STM32F7xx_HAL_Driver/Src/stm32f7xx_hal_cortex.o
 .debug_info    0x000000000000ac74      0xb92 ./Drivers/STM32F7xx_HAL_Driver/Src/stm32f7xx_hal_dcmi.o
 .debug_info    0x000000000000b806      0x94f ./Drivers/STM32F7xx_HAL_Driver/Src/stm32f7xx_hal_dma.o
 .debug_info    0x000000000000c155      0x541 ./Drivers/STM32F7xx_HAL_Driver/Src/stm32f7xx_hal_dma_ex.o
 .debug_info    0x000000000000c696     0x2266 ./Drivers/STM32F7xx_HAL_Driver/Src/stm32f7xx_hal_eth.o
 .debug_info    0x000000000000e8fc      0x7a2 ./Drivers/STM32F7xx_HAL_Driver/Src/stm32f7xx_hal_gpio.o
 .debug_info    0x000000000000f09e     0x22d3 ./Drivers/STM32F7xx_HAL_Driver/Src/stm32f7xx_hal_i2c.o
 .debug_info    0x0000000000011371      0x9e2 ./Drivers/STM32F7xx_HAL_Driver/Src/stm32f7xx_hal_i2c_ex.o
 .debug_info    0x0000000000011d53     0x16c1 ./Drivers/STM32F7xx_HAL_Driver/Src/stm32f7xx_hal_pcd.o
 .debug_info    0x0000000000013414      0x7df ./Drivers/STM32F7xx_HAL_Driver/Src/stm32f7xx_hal_pcd_ex.o
 .debug_info    0x0000000000013bf3      0x978 ./Drivers/STM32F7xx_HAL_Driver/Src/stm32f7xx_hal_pwr.o
 .debug_info    0x000000000001456b      0x92e ./Drivers/STM32F7xx_HAL_Driver/Src/stm32f7xx_hal_pwr_ex.o
 .debug_info    0x0000000000014e99      0x9f8 ./Drivers/STM32F7xx_HAL_Driver/Src/stm32f7xx_hal_rcc.o
 .debug_info    0x0000000000015891      0x78b ./Drivers/STM32F7xx_HAL_Driver/Src/stm32f7xx_hal_rcc_ex.o
 .debug_info    0x000000000001601c     0x2d3e ./Drivers/STM32F7xx_HAL_Driver/Src/stm32f7xx_hal_tim.o
 .debug_info    0x0000000000018d5a     0x3cf4 ./Drivers/STM32F7xx_HAL_Driver/Src/stm32f7xx_hal_uart.o
 .debug_info    0x000000000001ca4e     0x1b65 ./Drivers/STM32F7xx_HAL_Driver/Src/stm32f7xx_ll_usb.o

.debug_abbrev   0x0000000000000000     0x3eff
 .debug_abbrev  0x0000000000000000      0x1fe ./Core/Src/dcmi.o
 .debug_abbrev  0x00000000000001fe      0x10a ./Core/Src/dma.o
 .debug_abbrev  0x0000000000000308      0x23c ./Core/Src/eth.o
 .debug_abbrev  0x0000000000000544      0x146 ./Core/Src/gpio.o
 .debug_abbrev  0x000000000000068a      0x202 ./Core/Src/i2c.o
 .debug_abbrev  0x000000000000088c      0x2bc ./Core/Src/main.o
 .debug_abbrev  0x0000000000000b48       0xd4 ./Core/Src/stm32f7xx_hal_msp.o
 .debug_abbrev  0x0000000000000c1c      0x15f ./Core/Src/stm32f7xx_it.o
 .debug_abbrev  0x0000000000000d7b      0x136 ./Core/Src/system_stm32f7xx.o
 .debug_abbrev  0x0000000000000eb1      0x20b ./Core/Src/tim.o
 .debug_abbrev  0x00000000000010bc      0x1e7 ./Core/Src/usart.o
 .debug_abbrev  0x00000000000012a3      0x21d ./Core/Src/usb_otg.o
 .debug_abbrev  0x00000000000014c0      0x23c ./Core/Src/ov7670/ov7670.o
 .debug_abbrev  0x00000000000016fc       0x12 ./Core/Startup/startup_stm32f767zitx.o
 .debug_abbrev  0x000000000000170e      0x20d ./Drivers/STM32F7xx_HAL_Driver/Src/stm32f7xx_hal.o
 .debug_abbrev  0x000000000000191b      0x316 ./Drivers/STM32F7xx_HAL_Driver/Src/stm32f7xx_hal_cortex.o
 .debug_abbrev  0x0000000000001c31      0x230 ./Drivers/STM32F7xx_HAL_Driver/Src/stm32f7xx_hal_dcmi.o
 .debug_abbrev  0x0000000000001e61      0x25b ./Drivers/STM32F7xx_HAL_Driver/Src/stm32f7xx_hal_dma.o
 .debug_abbrev  0x00000000000020bc      0x195 ./Drivers/STM32F7xx_HAL_Driver/Src/stm32f7xx_hal_dma_ex.o
 .debug_abbrev  0x0000000000002251      0x2d3 ./Drivers/STM32F7xx_HAL_Driver/Src/stm32f7xx_hal_eth.o
 .debug_abbrev  0x0000000000002524      0x1c4 ./Drivers/STM32F7xx_HAL_Driver/Src/stm32f7xx_hal_gpio.o
 .debug_abbrev  0x00000000000026e8      0x243 ./Drivers/STM32F7xx_HAL_Driver/Src/stm32f7xx_hal_i2c.o
 .debug_abbrev  0x000000000000292b      0x18e ./Drivers/STM32F7xx_HAL_Driver/Src/stm32f7xx_hal_i2c_ex.o
 .debug_abbrev  0x0000000000002ab9      0x2d2 ./Drivers/STM32F7xx_HAL_Driver/Src/stm32f7xx_hal_pcd.o
 .debug_abbrev  0x0000000000002d8b      0x1bd ./Drivers/STM32F7xx_HAL_Driver/Src/stm32f7xx_hal_pcd_ex.o
 .debug_abbrev  0x0000000000002f48      0x1b8 ./Drivers/STM32F7xx_HAL_Driver/Src/stm32f7xx_hal_pwr.o
 .debug_abbrev  0x0000000000003100      0x1cb ./Drivers/STM32F7xx_HAL_Driver/Src/stm32f7xx_hal_pwr_ex.o
 .debug_abbrev  0x00000000000032cb      0x2d1 ./Drivers/STM32F7xx_HAL_Driver/Src/stm32f7xx_hal_rcc.o
 .debug_abbrev  0x000000000000359c      0x1b9 ./Drivers/STM32F7xx_HAL_Driver/Src/stm32f7xx_hal_rcc_ex.o
 .debug_abbrev  0x0000000000003755      0x264 ./Drivers/STM32F7xx_HAL_Driver/Src/stm32f7xx_hal_tim.o
 .debug_abbrev  0x00000000000039b9      0x2ce ./Drivers/STM32F7xx_HAL_Driver/Src/stm32f7xx_hal_uart.o
 .debug_abbrev  0x0000000000003c87      0x278 ./Drivers/STM32F7xx_HAL_Driver/Src/stm32f7xx_ll_usb.o

.debug_aranges  0x0000000000000000     0x16e0
 .debug_aranges
                0x0000000000000000       0x30 ./Core/Src/dcmi.o
 .debug_aranges
                0x0000000000000030       0x20 ./Core/Src/dma.o
 .debug_aranges
                0x0000000000000050       0x30 ./Core/Src/eth.o
 .debug_aranges
                0x0000000000000080       0x20 ./Core/Src/gpio.o
 .debug_aranges
                0x00000000000000a0       0x30 ./Core/Src/i2c.o
 .debug_aranges
                0x00000000000000d0       0x30 ./Core/Src/main.o
 .debug_aranges
                0x0000000000000100       0x20 ./Core/Src/stm32f7xx_hal_msp.o
 .debug_aranges
                0x0000000000000120       0x70 ./Core/Src/stm32f7xx_it.o
 .debug_aranges
                0x0000000000000190       0x28 ./Core/Src/system_stm32f7xx.o
 .debug_aranges
                0x00000000000001b8       0x38 ./Core/Src/tim.o
 .debug_aranges
                0x00000000000001f0       0x30 ./Core/Src/usart.o
 .debug_aranges
                0x0000000000000220       0x30 ./Core/Src/usb_otg.o
 .debug_aranges
                0x0000000000000250       0x68 ./Core/Src/ov7670/ov7670.o
 .debug_aranges
                0x00000000000002b8       0x28 ./Core/Startup/startup_stm32f767zitx.o
 .debug_aranges
                0x00000000000002e0      0x110 ./Drivers/STM32F7xx_HAL_Driver/Src/stm32f7xx_hal.o
 .debug_aranges
                0x00000000000003f0      0x118 ./Drivers/STM32F7xx_HAL_Driver/Src/stm32f7xx_hal_cortex.o
 .debug_aranges
                0x0000000000000508       0xc0 ./Drivers/STM32F7xx_HAL_Driver/Src/stm32f7xx_hal_dcmi.o
 .debug_aranges
                0x00000000000005c8       0x90 ./Drivers/STM32F7xx_HAL_Driver/Src/stm32f7xx_hal_dma.o
 .debug_aranges
                0x0000000000000658       0x38 ./Drivers/STM32F7xx_HAL_Driver/Src/stm32f7xx_hal_dma_ex.o
 .debug_aranges
                0x0000000000000690      0x1e0 ./Drivers/STM32F7xx_HAL_Driver/Src/stm32f7xx_hal_eth.o
 .debug_aranges
                0x0000000000000870       0x58 ./Drivers/STM32F7xx_HAL_Driver/Src/stm32f7xx_hal_gpio.o
 .debug_aranges
                0x00000000000008c8      0x2a0 ./Drivers/STM32F7xx_HAL_Driver/Src/stm32f7xx_hal_i2c.o
 .debug_aranges
                0x0000000000000b68       0x38 ./Drivers/STM32F7xx_HAL_Driver/Src/stm32f7xx_hal_i2c_ex.o
 .debug_aranges
                0x0000000000000ba0      0x148 ./Drivers/STM32F7xx_HAL_Driver/Src/stm32f7xx_hal_pcd.o
 .debug_aranges
                0x0000000000000ce8       0x48 ./Drivers/STM32F7xx_HAL_Driver/Src/stm32f7xx_hal_pcd_ex.o
 .debug_aranges
                0x0000000000000d30       0xa0 ./Drivers/STM32F7xx_HAL_Driver/Src/stm32f7xx_hal_pwr.o
 .debug_aranges
                0x0000000000000dd0       0x80 ./Drivers/STM32F7xx_HAL_Driver/Src/stm32f7xx_hal_pwr_ex.o
 .debug_aranges
                0x0000000000000e50       0x88 ./Drivers/STM32F7xx_HAL_Driver/Src/stm32f7xx_hal_rcc.o
 .debug_aranges
                0x0000000000000ed8       0x50 ./Drivers/STM32F7xx_HAL_Driver/Src/stm32f7xx_hal_rcc_ex.o
 .debug_aranges
                0x0000000000000f28      0x3e0 ./Drivers/STM32F7xx_HAL_Driver/Src/stm32f7xx_hal_tim.o
 .debug_aranges
                0x0000000000001308      0x230 ./Drivers/STM32F7xx_HAL_Driver/Src/stm32f7xx_hal_uart.o
 .debug_aranges
                0x0000000000001538      0x1a8 ./Drivers/STM32F7xx_HAL_Driver/Src/stm32f7xx_ll_usb.o

.debug_ranges   0x0000000000000000     0x1518
 .debug_ranges  0x0000000000000000       0x20 ./Core/Src/dcmi.o
 .debug_ranges  0x0000000000000020       0x10 ./Core/Src/dma.o
 .debug_ranges  0x0000000000000030       0x20 ./Core/Src/eth.o
 .debug_ranges  0x0000000000000050       0x10 ./Core/Src/gpio.o
 .debug_ranges  0x0000000000000060       0x20 ./Core/Src/i2c.o
 .debug_ranges  0x0000000000000080       0x20 ./Core/Src/main.o
 .debug_ranges  0x00000000000000a0       0x10 ./Core/Src/stm32f7xx_hal_msp.o
 .debug_ranges  0x00000000000000b0       0x60 ./Core/Src/stm32f7xx_it.o
 .debug_ranges  0x0000000000000110       0x18 ./Core/Src/system_stm32f7xx.o
 .debug_ranges  0x0000000000000128       0x28 ./Core/Src/tim.o
 .debug_ranges  0x0000000000000150       0x20 ./Core/Src/usart.o
 .debug_ranges  0x0000000000000170       0x20 ./Core/Src/usb_otg.o
 .debug_ranges  0x0000000000000190       0x58 ./Core/Src/ov7670/ov7670.o
 .debug_ranges  0x00000000000001e8       0x20 ./Core/Startup/startup_stm32f767zitx.o
 .debug_ranges  0x0000000000000208      0x100 ./Drivers/STM32F7xx_HAL_Driver/Src/stm32f7xx_hal.o
 .debug_ranges  0x0000000000000308      0x108 ./Drivers/STM32F7xx_HAL_Driver/Src/stm32f7xx_hal_cortex.o
 .debug_ranges  0x0000000000000410       0xb0 ./Drivers/STM32F7xx_HAL_Driver/Src/stm32f7xx_hal_dcmi.o
 .debug_ranges  0x00000000000004c0       0x80 ./Drivers/STM32F7xx_HAL_Driver/Src/stm32f7xx_hal_dma.o
 .debug_ranges  0x0000000000000540       0x28 ./Drivers/STM32F7xx_HAL_Driver/Src/stm32f7xx_hal_dma_ex.o
 .debug_ranges  0x0000000000000568      0x1d0 ./Drivers/STM32F7xx_HAL_Driver/Src/stm32f7xx_hal_eth.o
 .debug_ranges  0x0000000000000738       0x48 ./Drivers/STM32F7xx_HAL_Driver/Src/stm32f7xx_hal_gpio.o
 .debug_ranges  0x0000000000000780      0x290 ./Drivers/STM32F7xx_HAL_Driver/Src/stm32f7xx_hal_i2c.o
 .debug_ranges  0x0000000000000a10       0x28 ./Drivers/STM32F7xx_HAL_Driver/Src/stm32f7xx_hal_i2c_ex.o
 .debug_ranges  0x0000000000000a38      0x138 ./Drivers/STM32F7xx_HAL_Driver/Src/stm32f7xx_hal_pcd.o
 .debug_ranges  0x0000000000000b70       0x38 ./Drivers/STM32F7xx_HAL_Driver/Src/stm32f7xx_hal_pcd_ex.o
 .debug_ranges  0x0000000000000ba8       0x90 ./Drivers/STM32F7xx_HAL_Driver/Src/stm32f7xx_hal_pwr.o
 .debug_ranges  0x0000000000000c38       0x70 ./Drivers/STM32F7xx_HAL_Driver/Src/stm32f7xx_hal_pwr_ex.o
 .debug_ranges  0x0000000000000ca8       0x78 ./Drivers/STM32F7xx_HAL_Driver/Src/stm32f7xx_hal_rcc.o
 .debug_ranges  0x0000000000000d20       0x40 ./Drivers/STM32F7xx_HAL_Driver/Src/stm32f7xx_hal_rcc_ex.o
 .debug_ranges  0x0000000000000d60      0x3d0 ./Drivers/STM32F7xx_HAL_Driver/Src/stm32f7xx_hal_tim.o
 .debug_ranges  0x0000000000001130      0x250 ./Drivers/STM32F7xx_HAL_Driver/Src/stm32f7xx_hal_uart.o
 .debug_ranges  0x0000000000001380      0x198 ./Drivers/STM32F7xx_HAL_Driver/Src/stm32f7xx_ll_usb.o

.debug_macro    0x0000000000000000    0x2b96c
 .debug_macro   0x0000000000000000      0x234 ./Core/Src/dcmi.o
 .debug_macro   0x0000000000000234      0xa90 ./Core/Src/dcmi.o
 .debug_macro   0x0000000000000cc4      0x2a5 ./Core/Src/dcmi.o
 .debug_macro   0x0000000000000f69       0x2e ./Core/Src/dcmi.o
 .debug_macro   0x0000000000000f97       0x3b ./Core/Src/dcmi.o
 .debug_macro   0x0000000000000fd2       0x22 ./Core/Src/dcmi.o
 .debug_macro   0x0000000000000ff4       0x8e ./Core/Src/dcmi.o
 .debug_macro   0x0000000000001082       0x51 ./Core/Src/dcmi.o
 .debug_macro   0x00000000000010d3      0x103 ./Core/Src/dcmi.o
 .debug_macro   0x00000000000011d6       0x6a ./Core/Src/dcmi.o
 .debug_macro   0x0000000000001240      0x1df ./Core/Src/dcmi.o
 .debug_macro   0x000000000000141f       0x1c ./Core/Src/dcmi.o
 .debug_macro   0x000000000000143b       0x22 ./Core/Src/dcmi.o
 .debug_macro   0x000000000000145d       0xd9 ./Core/Src/dcmi.o
 .debug_macro   0x0000000000001536     0x12cd ./Core/Src/dcmi.o
 .debug_macro   0x0000000000002803      0x11f ./Core/Src/dcmi.o
 .debug_macro   0x0000000000002922       0x19 ./Core/Src/dcmi.o
 .debug_macro   0x000000000000293b    0x1aa0d ./Core/Src/dcmi.o
 .debug_macro   0x000000000001d348       0x6d ./Core/Src/dcmi.o
 .debug_macro   0x000000000001d3b5     0x3749 ./Core/Src/dcmi.o
 .debug_macro   0x0000000000020afe      0x174 ./Core/Src/dcmi.o
 .debug_macro   0x0000000000020c72       0x63 ./Core/Src/dcmi.o
 .debug_macro   0x0000000000020cd5     0x1add ./Core/Src/dcmi.o
 .debug_macro   0x00000000000227b2      0x6c4 ./Core/Src/dcmi.o
 .debug_macro   0x0000000000022e76      0x18b ./Core/Src/dcmi.o
 .debug_macro   0x0000000000023001      0x115 ./Core/Src/dcmi.o
 .debug_macro   0x0000000000023116      0x26e ./Core/Src/dcmi.o
 .debug_macro   0x0000000000023384       0xa5 ./Core/Src/dcmi.o
 .debug_macro   0x0000000000023429      0x24f ./Core/Src/dcmi.o
 .debug_macro   0x0000000000023678       0x71 ./Core/Src/dcmi.o
 .debug_macro   0x00000000000236e9       0x58 ./Core/Src/dcmi.o
 .debug_macro   0x0000000000023741      0x236 ./Core/Src/dcmi.o
 .debug_macro   0x0000000000023977      0x22c ./Core/Src/dcmi.o
 .debug_macro   0x0000000000023ba3      0xd44 ./Core/Src/dcmi.o
 .debug_macro   0x00000000000248e7      0x14e ./Core/Src/dcmi.o
 .debug_macro   0x0000000000024a35      0x3db ./Core/Src/dcmi.o
 .debug_macro   0x0000000000024e10       0x12 ./Core/Src/dcmi.o
 .debug_macro   0x0000000000024e22      0x22c ./Core/Src/dcmi.o
 .debug_macro   0x000000000002504e       0x61 ./Core/Src/dcmi.o
 .debug_macro   0x00000000000250af       0xa5 ./Core/Src/dcmi.o
 .debug_macro   0x0000000000025154      0x12e ./Core/Src/dcmi.o
 .debug_macro   0x0000000000025282      0x108 ./Core/Src/dcmi.o
 .debug_macro   0x000000000002538a       0x35 ./Core/Src/dcmi.o
 .debug_macro   0x00000000000253bf      0xa8a ./Core/Src/dcmi.o
 .debug_macro   0x0000000000025e49       0xa9 ./Core/Src/dcmi.o
 .debug_macro   0x0000000000025ef2      0x5ba ./Core/Src/dcmi.o
 .debug_macro   0x00000000000264ac       0x44 ./Core/Src/dcmi.o
 .debug_macro   0x00000000000264f0      0x256 ./Core/Src/dcmi.o
 .debug_macro   0x0000000000026746       0xba ./Core/Src/dcmi.o
 .debug_macro   0x0000000000026800      0x15b ./Core/Src/dcmi.o
 .debug_macro   0x000000000002695b      0x13c ./Core/Src/dcmi.o
 .debug_macro   0x0000000000026a97      0x234 ./Core/Src/dma.o
 .debug_macro   0x0000000000026ccb      0x302 ./Core/Src/eth.o
 .debug_macro   0x0000000000026fcd       0x52 ./Core/Src/eth.o
 .debug_macro   0x000000000002701f       0x1d ./Core/Src/eth.o
 .debug_macro   0x000000000002703c       0x3c ./Core/Src/eth.o
 .debug_macro   0x0000000000027078       0x34 ./Core/Src/eth.o
 .debug_macro   0x00000000000270ac       0x16 ./Core/Src/eth.o
 .debug_macro   0x00000000000270c2       0x43 ./Core/Src/eth.o
 .debug_macro   0x0000000000027105       0x34 ./Core/Src/eth.o
 .debug_macro   0x0000000000027139       0x10 ./Core/Src/eth.o
 .debug_macro   0x0000000000027149       0x58 ./Core/Src/eth.o
 .debug_macro   0x00000000000271a1       0x71 ./Core/Src/eth.o
 .debug_macro   0x0000000000027212       0x1c ./Core/Src/eth.o
 .debug_macro   0x000000000002722e      0x12a ./Core/Src/eth.o
 .debug_macro   0x0000000000027358      0x341 ./Core/Src/eth.o
 .debug_macro   0x0000000000027699       0x10 ./Core/Src/eth.o
 .debug_macro   0x00000000000276a9       0x35 ./Core/Src/eth.o
 .debug_macro   0x00000000000276de       0x20 ./Core/Src/eth.o
 .debug_macro   0x00000000000276fe      0x234 ./Core/Src/gpio.o
 .debug_macro   0x0000000000027932      0x234 ./Core/Src/i2c.o
 .debug_macro   0x0000000000027b66      0x287 ./Core/Src/main.o
 .debug_macro   0x0000000000027ded       0x5e ./Core/Src/main.o
 .debug_macro   0x0000000000027e4b      0x22a ./Core/Src/stm32f7xx_hal_msp.o
 .debug_macro   0x0000000000028075      0x234 ./Core/Src/stm32f7xx_it.o
 .debug_macro   0x00000000000282a9      0x21b ./Core/Src/system_stm32f7xx.o
 .debug_macro   0x00000000000284c4      0x234 ./Core/Src/tim.o
 .debug_macro   0x00000000000286f8      0x234 ./Core/Src/usart.o
 .debug_macro   0x000000000002892c      0x234 ./Core/Src/usb_otg.o
 .debug_macro   0x0000000000028b60      0x39e ./Core/Src/ov7670/ov7670.o
 .debug_macro   0x0000000000028efe       0x16 ./Core/Src/ov7670/ov7670.o
 .debug_macro   0x0000000000028f14       0x97 ./Core/Src/ov7670/ov7670.o
 .debug_macro   0x0000000000028fab       0xfd ./Core/Src/ov7670/ov7670.o
 .debug_macro   0x00000000000290a8       0x5d ./Core/Src/ov7670/ov7670.o
 .debug_macro   0x0000000000029105       0x10 ./Core/Src/ov7670/ov7670.o
 .debug_macro   0x0000000000029115       0x10 ./Core/Src/ov7670/ov7670.o
 .debug_macro   0x0000000000029125      0x23f ./Drivers/STM32F7xx_HAL_Driver/Src/stm32f7xx_hal.o
 .debug_macro   0x0000000000029364      0x21b ./Drivers/STM32F7xx_HAL_Driver/Src/stm32f7xx_hal_cortex.o
 .debug_macro   0x000000000002957f      0x222 ./Drivers/STM32F7xx_HAL_Driver/Src/stm32f7xx_hal_dcmi.o
 .debug_macro   0x00000000000297a1      0x221 ./Drivers/STM32F7xx_HAL_Driver/Src/stm32f7xx_hal_dma.o
 .debug_macro   0x00000000000299c2      0x21b ./Drivers/STM32F7xx_HAL_Driver/Src/stm32f7xx_hal_dma_ex.o
 .debug_macro   0x0000000000029bdd      0x2f5 ./Drivers/STM32F7xx_HAL_Driver/Src/stm32f7xx_hal_eth.o
 .debug_macro   0x0000000000029ed2      0x221 ./Drivers/STM32F7xx_HAL_Driver/Src/stm32f7xx_hal_gpio.o
 .debug_macro   0x000000000002a0f3      0x2e7 ./Drivers/STM32F7xx_HAL_Driver/Src/stm32f7xx_hal_i2c.o
 .debug_macro   0x000000000002a3da      0x21b ./Drivers/STM32F7xx_HAL_Driver/Src/stm32f7xx_hal_i2c_ex.o
 .debug_macro   0x000000000002a5f5      0x227 ./Drivers/STM32F7xx_HAL_Driver/Src/stm32f7xx_hal_pcd.o
 .debug_macro   0x000000000002a81c      0x21b ./Drivers/STM32F7xx_HAL_Driver/Src/stm32f7xx_hal_pcd_ex.o
 .debug_macro   0x000000000002aa37      0x239 ./Drivers/STM32F7xx_HAL_Driver/Src/stm32f7xx_hal_pwr.o
 .debug_macro   0x000000000002ac70      0x233 ./Drivers/STM32F7xx_HAL_Driver/Src/stm32f7xx_hal_pwr_ex.o
 .debug_macro   0x000000000002aea3      0x23f ./Drivers/STM32F7xx_HAL_Driver/Src/stm32f7xx_hal_rcc.o
 .debug_macro   0x000000000002b0e2      0x21b ./Drivers/STM32F7xx_HAL_Driver/Src/stm32f7xx_hal_rcc_ex.o
 .debug_macro   0x000000000002b2fd      0x21c ./Drivers/STM32F7xx_HAL_Driver/Src/stm32f7xx_hal_tim.o
 .debug_macro   0x000000000002b519      0x238 ./Drivers/STM32F7xx_HAL_Driver/Src/stm32f7xx_hal_uart.o
 .debug_macro   0x000000000002b751      0x21b ./Drivers/STM32F7xx_HAL_Driver/Src/stm32f7xx_ll_usb.o

.debug_line     0x0000000000000000    0x1f2ae
 .debug_line    0x0000000000000000      0x846 ./Core/Src/dcmi.o
 .debug_line    0x0000000000000846      0x75c ./Core/Src/dma.o
 .debug_line    0x0000000000000fa2      0x96d ./Core/Src/eth.o
 .debug_line    0x000000000000190f      0x7a3 ./Core/Src/gpio.o
 .debug_line    0x00000000000020b2      0x7f1 ./Core/Src/i2c.o
 .debug_line    0x00000000000028a3      0x8ba ./Core/Src/main.o
 .debug_line    0x000000000000315d      0x760 ./Core/Src/stm32f7xx_hal_msp.o
 .debug_line    0x00000000000038bd      0x853 ./Core/Src/stm32f7xx_it.o
 .debug_line    0x0000000000004110      0x7e0 ./Core/Src/system_stm32f7xx.o
 .debug_line    0x00000000000048f0      0x7fb ./Core/Src/tim.o
 .debug_line    0x00000000000050eb      0x7e2 ./Core/Src/usart.o
 .debug_line    0x00000000000058cd      0x7f1 ./Core/Src/usb_otg.o
 .debug_line    0x00000000000060be      0xb03 ./Core/Src/ov7670/ov7670.o
 .debug_line    0x0000000000006bc1       0x88 ./Core/Startup/startup_stm32f767zitx.o
 .debug_line    0x0000000000006c49      0xaa1 ./Drivers/STM32F7xx_HAL_Driver/Src/stm32f7xx_hal.o
 .debug_line    0x00000000000076ea      0xcf7 ./Drivers/STM32F7xx_HAL_Driver/Src/stm32f7xx_hal_cortex.o
 .debug_line    0x00000000000083e1      0xe95 ./Drivers/STM32F7xx_HAL_Driver/Src/stm32f7xx_hal_dcmi.o
 .debug_line    0x0000000000009276      0xfc0 ./Drivers/STM32F7xx_HAL_Driver/Src/stm32f7xx_hal_dma.o
 .debug_line    0x000000000000a236     0x13b3 ./Drivers/STM32F7xx_HAL_Driver/Src/stm32f7xx_hal_dma_ex.o
 .debug_line    0x000000000000b5e9     0x19b9 ./Drivers/STM32F7xx_HAL_Driver/Src/stm32f7xx_hal_eth.o
 .debug_line    0x000000000000cfa2      0xbe5 ./Drivers/STM32F7xx_HAL_Driver/Src/stm32f7xx_hal_gpio.o
 .debug_line    0x000000000000db87     0x373e ./Drivers/STM32F7xx_HAL_Driver/Src/stm32f7xx_hal_i2c.o
 .debug_line    0x00000000000112c5      0x89c ./Drivers/STM32F7xx_HAL_Driver/Src/stm32f7xx_hal_i2c_ex.o
 .debug_line    0x0000000000011b61     0x14bc ./Drivers/STM32F7xx_HAL_Driver/Src/stm32f7xx_hal_pcd.o
 .debug_line    0x000000000001301d      0x872 ./Drivers/STM32F7xx_HAL_Driver/Src/stm32f7xx_hal_pcd_ex.o
 .debug_line    0x000000000001388f      0x975 ./Drivers/STM32F7xx_HAL_Driver/Src/stm32f7xx_hal_pwr.o
 .debug_line    0x0000000000014204      0x9e6 ./Drivers/STM32F7xx_HAL_Driver/Src/stm32f7xx_hal_pwr_ex.o
 .debug_line    0x0000000000014bea      0xee3 ./Drivers/STM32F7xx_HAL_Driver/Src/stm32f7xx_hal_rcc.o
 .debug_line    0x0000000000015acd      0xebf ./Drivers/STM32F7xx_HAL_Driver/Src/stm32f7xx_hal_rcc_ex.o
 .debug_line    0x000000000001698c     0x3c95 ./Drivers/STM32F7xx_HAL_Driver/Src/stm32f7xx_hal_tim.o
 .debug_line    0x000000000001a621     0x3164 ./Drivers/STM32F7xx_HAL_Driver/Src/stm32f7xx_hal_uart.o
 .debug_line    0x000000000001d785     0x1b29 ./Drivers/STM32F7xx_HAL_Driver/Src/stm32f7xx_ll_usb.o

.debug_str      0x0000000000000000   0x1071ae
 .debug_str     0x0000000000000000    0xfbbf1 ./Core/Src/dcmi.o
                                      0xfc360 (size before relaxing)
 .debug_str     0x00000000000fbbf1       0x29 ./Core/Src/dma.o
                                      0xfbd7c (size before relaxing)
 .debug_str     0x00000000000fbc1a     0x3470 ./Core/Src/eth.o
                                      0xfeccd (size before relaxing)
 .debug_str     0x00000000000ff08a       0x68 ./Core/Src/gpio.o
                                      0xfb7d9 (size before relaxing)
 .debug_str     0x00000000000ff0f2      0x53d ./Core/Src/i2c.o
                                      0xfc04b (size before relaxing)
 .debug_str     0x00000000000ff62f      0x893 ./Core/Src/main.o
                                      0xfc822 (size before relaxing)
 .debug_str     0x00000000000ffec2       0x2c ./Core/Src/stm32f7xx_hal_msp.o
                                      0xfb70e (size before relaxing)
 .debug_str     0x00000000000ffeee      0x108 ./Core/Src/stm32f7xx_it.o
                                      0xfbb6e (size before relaxing)
 .debug_str     0x00000000000ffff6      0x190 ./Core/Src/system_stm32f7xx.o
                                      0xfb3a8 (size before relaxing)
 .debug_str     0x0000000000100186      0x10b ./Core/Src/tim.o
                                      0xfbe52 (size before relaxing)
 .debug_str     0x0000000000100291       0x51 ./Core/Src/usart.o
                                      0xfbf98 (size before relaxing)
 .debug_str     0x00000000001002e2      0x3c4 ./Core/Src/usb_otg.o
                                      0xfbf0a (size before relaxing)
 .debug_str     0x00000000001006a6     0x11c5 ./Core/Src/ov7670/ov7670.o
                                      0xffef3 (size before relaxing)
 .debug_str     0x000000000010186b       0x36 ./Core/Startup/startup_stm32f767zitx.o
                                         0x75 (size before relaxing)
 .debug_str     0x00000000001018a1      0x447 ./Drivers/STM32F7xx_HAL_Driver/Src/stm32f7xx_hal.o
                                      0xfbde8 (size before relaxing)
 .debug_str     0x0000000000101ce8      0x317 ./Drivers/STM32F7xx_HAL_Driver/Src/stm32f7xx_hal_cortex.o
                                      0xfbd98 (size before relaxing)
 .debug_str     0x0000000000101fff      0x205 ./Drivers/STM32F7xx_HAL_Driver/Src/stm32f7xx_hal_dcmi.o
                                      0xfb8e2 (size before relaxing)
 .debug_str     0x0000000000102204      0x2b9 ./Drivers/STM32F7xx_HAL_Driver/Src/stm32f7xx_hal_dma.o
                                      0xfb6e7 (size before relaxing)
 .debug_str     0x00000000001024bd       0x98 ./Drivers/STM32F7xx_HAL_Driver/Src/stm32f7xx_hal_dma_ex.o
                                      0xfb496 (size before relaxing)
 .debug_str     0x0000000000102555     0x11c7 ./Drivers/STM32F7xx_HAL_Driver/Src/stm32f7xx_hal_eth.o
                                      0xfcb75 (size before relaxing)
 .debug_str     0x000000000010371c       0xe8 ./Drivers/STM32F7xx_HAL_Driver/Src/stm32f7xx_hal_gpio.o
                                      0xfb466 (size before relaxing)
 .debug_str     0x0000000000103804      0xd56 ./Drivers/STM32F7xx_HAL_Driver/Src/stm32f7xx_hal_i2c.o
                                      0xfc5be (size before relaxing)
 .debug_str     0x000000000010455a       0x89 ./Drivers/STM32F7xx_HAL_Driver/Src/stm32f7xx_hal_i2c_ex.o
                                      0xfb864 (size before relaxing)
 .debug_str     0x00000000001045e3      0x823 ./Drivers/STM32F7xx_HAL_Driver/Src/stm32f7xx_hal_pcd.o
                                      0xfbdc5 (size before relaxing)
 .debug_str     0x0000000000104e06      0x12d ./Drivers/STM32F7xx_HAL_Driver/Src/stm32f7xx_hal_pcd_ex.o
                                      0xfb6c6 (size before relaxing)
 .debug_str     0x0000000000104f33      0x2ac ./Drivers/STM32F7xx_HAL_Driver/Src/stm32f7xx_hal_pwr.o
                                      0xfb649 (size before relaxing)
 .debug_str     0x00000000001051df      0x1bd ./Drivers/STM32F7xx_HAL_Driver/Src/stm32f7xx_hal_pwr_ex.o
                                      0xfb617 (size before relaxing)
 .debug_str     0x000000000010539c      0x241 ./Drivers/STM32F7xx_HAL_Driver/Src/stm32f7xx_hal_rcc.o
                                      0xfb723 (size before relaxing)
 .debug_str     0x00000000001055dd      0x13f ./Drivers/STM32F7xx_HAL_Driver/Src/stm32f7xx_hal_rcc_ex.o
                                      0xfb686 (size before relaxing)
 .debug_str     0x000000000010571c      0xdf4 ./Drivers/STM32F7xx_HAL_Driver/Src/stm32f7xx_hal_tim.o
                                      0xfc6bb (size before relaxing)
 .debug_str     0x0000000000106510      0x843 ./Drivers/STM32F7xx_HAL_Driver/Src/stm32f7xx_hal_uart.o
                                      0xfc071 (size before relaxing)
 .debug_str     0x0000000000106d53      0x45b ./Drivers/STM32F7xx_HAL_Driver/Src/stm32f7xx_ll_usb.o
                                      0xfbc4b (size before relaxing)

.comment        0x0000000000000000       0x50
 .comment       0x0000000000000000       0x50 ./Core/Src/dcmi.o
                                         0x51 (size before relaxing)
 .comment       0x0000000000000050       0x51 ./Core/Src/dma.o
 .comment       0x0000000000000050       0x51 ./Core/Src/eth.o
 .comment       0x0000000000000050       0x51 ./Core/Src/gpio.o
 .comment       0x0000000000000050       0x51 ./Core/Src/i2c.o
 .comment       0x0000000000000050       0x51 ./Core/Src/main.o
 .comment       0x0000000000000050       0x51 ./Core/Src/stm32f7xx_hal_msp.o
 .comment       0x0000000000000050       0x51 ./Core/Src/stm32f7xx_it.o
 .comment       0x0000000000000050       0x51 ./Core/Src/system_stm32f7xx.o
 .comment       0x0000000000000050       0x51 ./Core/Src/tim.o
 .comment       0x0000000000000050       0x51 ./Core/Src/usart.o
 .comment       0x0000000000000050       0x51 ./Core/Src/usb_otg.o
 .comment       0x0000000000000050       0x51 ./Core/Src/ov7670/ov7670.o
 .comment       0x0000000000000050       0x51 ./Drivers/STM32F7xx_HAL_Driver/Src/stm32f7xx_hal.o
 .comment       0x0000000000000050       0x51 ./Drivers/STM32F7xx_HAL_Driver/Src/stm32f7xx_hal_cortex.o
 .comment       0x0000000000000050       0x51 ./Drivers/STM32F7xx_HAL_Driver/Src/stm32f7xx_hal_dcmi.o
 .comment       0x0000000000000050       0x51 ./Drivers/STM32F7xx_HAL_Driver/Src/stm32f7xx_hal_dma.o
 .comment       0x0000000000000050       0x51 ./Drivers/STM32F7xx_HAL_Driver/Src/stm32f7xx_hal_dma_ex.o
 .comment       0x0000000000000050       0x51 ./Drivers/STM32F7xx_HAL_Driver/Src/stm32f7xx_hal_eth.o
 .comment       0x0000000000000050       0x51 ./Drivers/STM32F7xx_HAL_Driver/Src/stm32f7xx_hal_gpio.o
 .comment       0x0000000000000050       0x51 ./Drivers/STM32F7xx_HAL_Driver/Src/stm32f7xx_hal_i2c.o
 .comment       0x0000000000000050       0x51 ./Drivers/STM32F7xx_HAL_Driver/Src/stm32f7xx_hal_i2c_ex.o
 .comment       0x0000000000000050       0x51 ./Drivers/STM32F7xx_HAL_Driver/Src/stm32f7xx_hal_pcd.o
 .comment       0x0000000000000050       0x51 ./Drivers/STM32F7xx_HAL_Driver/Src/stm32f7xx_hal_pcd_ex.o
 .comment       0x0000000000000050       0x51 ./Drivers/STM32F7xx_HAL_Driver/Src/stm32f7xx_hal_pwr.o
 .comment       0x0000000000000050       0x51 ./Drivers/STM32F7xx_HAL_Driver/Src/stm32f7xx_hal_pwr_ex.o
 .comment       0x0000000000000050       0x51 ./Drivers/STM32F7xx_HAL_Driver/Src/stm32f7xx_hal_rcc.o
 .comment       0x0000000000000050       0x51 ./Drivers/STM32F7xx_HAL_Driver/Src/stm32f7xx_hal_rcc_ex.o
 .comment       0x0000000000000050       0x51 ./Drivers/STM32F7xx_HAL_Driver/Src/stm32f7xx_hal_tim.o
 .comment       0x0000000000000050       0x51 ./Drivers/STM32F7xx_HAL_Driver/Src/stm32f7xx_hal_uart.o
 .comment       0x0000000000000050       0x51 ./Drivers/STM32F7xx_HAL_Driver/Src/stm32f7xx_ll_usb.o

.debug_frame    0x0000000000000000     0x5f54
 .debug_frame   0x0000000000000000       0x74 ./Core/Src/dcmi.o
 .debug_frame   0x0000000000000074       0x34 ./Core/Src/dma.o
 .debug_frame   0x00000000000000a8       0x74 ./Core/Src/eth.o
 .debug_frame   0x000000000000011c       0x34 ./Core/Src/gpio.o
 .debug_frame   0x0000000000000150       0x78 ./Core/Src/i2c.o
 .debug_frame   0x00000000000001c8       0x6c ./Core/Src/main.o
 .debug_frame   0x0000000000000234       0x38 ./Core/Src/stm32f7xx_hal_msp.o
 .debug_frame   0x000000000000026c      0x13c ./Core/Src/stm32f7xx_it.o
 .debug_frame   0x00000000000003a8       0x58 ./Core/Src/system_stm32f7xx.o
 .debug_frame   0x0000000000000400       0xa8 ./Core/Src/tim.o
 .debug_frame   0x00000000000004a8       0x78 ./Core/Src/usart.o
 .debug_frame   0x0000000000000520       0x78 ./Core/Src/usb_otg.o
 .debug_frame   0x0000000000000598      0x178 ./Core/Src/ov7670/ov7670.o
 .debug_frame   0x0000000000000710      0x3f4 ./Drivers/STM32F7xx_HAL_Driver/Src/stm32f7xx_hal.o
 .debug_frame   0x0000000000000b04      0x498 ./Drivers/STM32F7xx_HAL_Driver/Src/stm32f7xx_hal_cortex.o
 .debug_frame   0x0000000000000f9c      0x348 ./Drivers/STM32F7xx_HAL_Driver/Src/stm32f7xx_hal_dcmi.o
 .debug_frame   0x00000000000012e4      0x250 ./Drivers/STM32F7xx_HAL_Driver/Src/stm32f7xx_hal_dma.o
 .debug_frame   0x0000000000001534       0xac ./Drivers/STM32F7xx_HAL_Driver/Src/stm32f7xx_hal_dma_ex.o
 .debug_frame   0x00000000000015e0      0x898 ./Drivers/STM32F7xx_HAL_Driver/Src/stm32f7xx_hal_eth.o
 .debug_frame   0x0000000000001e78      0x14c ./Drivers/STM32F7xx_HAL_Driver/Src/stm32f7xx_hal_gpio.o
 .debug_frame   0x0000000000001fc4      0xc38 ./Drivers/STM32F7xx_HAL_Driver/Src/stm32f7xx_hal_i2c.o
 .debug_frame   0x0000000000002bfc       0xb0 ./Drivers/STM32F7xx_HAL_Driver/Src/stm32f7xx_hal_i2c_ex.o
 .debug_frame   0x0000000000002cac      0x5bc ./Drivers/STM32F7xx_HAL_Driver/Src/stm32f7xx_hal_pcd.o
 .debug_frame   0x0000000000003268      0x100 ./Drivers/STM32F7xx_HAL_Driver/Src/stm32f7xx_hal_pcd_ex.o
 .debug_frame   0x0000000000003368      0x254 ./Drivers/STM32F7xx_HAL_Driver/Src/stm32f7xx_hal_pwr.o
 .debug_frame   0x00000000000035bc      0x1c8 ./Drivers/STM32F7xx_HAL_Driver/Src/stm32f7xx_hal_pwr_ex.o
 .debug_frame   0x0000000000003784      0x1f8 ./Drivers/STM32F7xx_HAL_Driver/Src/stm32f7xx_hal_rcc.o
 .debug_frame   0x000000000000397c      0x118 ./Drivers/STM32F7xx_HAL_Driver/Src/stm32f7xx_hal_rcc_ex.o
 .debug_frame   0x0000000000003a94     0x121c ./Drivers/STM32F7xx_HAL_Driver/Src/stm32f7xx_hal_tim.o
 .debug_frame   0x0000000000004cb0      0xa10 ./Drivers/STM32F7xx_HAL_Driver/Src/stm32f7xx_hal_uart.o
 .debug_frame   0x00000000000056c0      0x7e8 ./Drivers/STM32F7xx_HAL_Driver/Src/stm32f7xx_ll_usb.o
 .debug_frame   0x0000000000005ea8       0x2c c:/st/stm32cubeide_1.9.0/stm32cubeide/plugins/com.st.stm32cube.ide.mcu.externaltools.gnu-tools-for-stm32.10.3-2021.10.win32_1.0.200.202301161003/tools/bin/../lib/gcc/arm-none-eabi/10.3.1/../../../../arm-none-eabi/lib/thumb/v7e-m+dp/hard\libc_nano.a(lib_a-init.o)
 .debug_frame   0x0000000000005ed4       0x20 c:/st/stm32cubeide_1.9.0/stm32cubeide/plugins/com.st.stm32cube.ide.mcu.externaltools.gnu-tools-for-stm32.10.3-2021.10.win32_1.0.200.202301161003/tools/bin/../lib/gcc/arm-none-eabi/10.3.1/../../../../arm-none-eabi/lib/thumb/v7e-m+dp/hard\libc_nano.a(lib_a-memset.o)
 .debug_frame   0x0000000000005ef4       0x2c c:/st/stm32cubeide_1.9.0/stm32cubeide/plugins/com.st.stm32cube.ide.mcu.externaltools.gnu-tools-for-stm32.10.3-2021.10.win32_1.0.200.202301161003/tools/bin/../lib/gcc/arm-none-eabi/10.3.1/thumb/v7e-m+dp/hard\libgcc.a(_aeabi_uldivmod.o)
 .debug_frame   0x0000000000005f20       0x34 c:/st/stm32cubeide_1.9.0/stm32cubeide/plugins/com.st.stm32cube.ide.mcu.externaltools.gnu-tools-for-stm32.10.3-2021.10.win32_1.0.200.202301161003/tools/bin/../lib/gcc/arm-none-eabi/10.3.1/thumb/v7e-m+dp/hard\libgcc.a(_udivmoddi4.o)