../Core/Src/ov7670/ov7670.c:40:5:ov7670_init	32	static
../Core/Src/ov7670/ov7670.c:64:5:ov7670_config	32	static
../Core/Src/ov7670/ov7670.c:84:5:ov7670_startCap	16	static
../Core/Src/ov7670/ov7670.c:99:5:ov7670_stopCap	8	static
../Core/Src/ov7670/ov7670.c:106:6:ov7670_registerCallback	16	static
../Core/Src/ov7670/ov7670.c:112:6:HAL_DCMI_FrameEventCallback	16	static
../Core/Src/ov7670/ov7670.c:127:6:HAL_DCMI_VsyncEventCallback	16	static
../Core/Src/ov7670/ov7670.c:134:6:HAL_DCMI_LineEventCallback	16	static
../Core/Src/ov7670/ov7670.c:144:12:ov7670_write	40	static
../Core/Src/ov7670/ov7670.c:153:12:ov7670_read	32	static
